<html>
<body>
<pre>
<h1>µVision Build Log</h1>
<h2>Tool Versions:</h2>
IDE-Version: ¦ÌVision V5.36.0.0
Copyright (C) 2021 ARM Ltd and ARM Germany GmbH. All rights reserved.
License Information: CH Bright, UJN, LIC=32B1Q-NW7HQ-DYAV3-ACUQE-TL524-3SCS6
 
Tool Versions:
Toolchain:       MDK-ARM Plus  Version: 5.36.0.0
Toolchain Path:  D:\Keil_v5\ARM\ARMCC\Bin
C Compiler:      Armcc.exe V5.06 update 7 (build 960)
Assembler:       Armasm.exe V5.06 update 7 (build 960)
Linker/Locator:  ArmLink.exe V5.06 update 7 (build 960)
Library Manager: ArmAr.exe V5.06 update 7 (build 960)
Hex Converter:   FromElf.exe V5.06 update 7 (build 960)
CPU DLL:         SARMCM3.DLL V5.36.0.0
Dialog DLL:      DCM.DLL V1.17.3.0
Target DLL:      CMSIS_AGDI.dll V1.33.0.0
Dialog DLL:      TCM.DLL V1.53.0.0
 
<h2>Project:</h2>
E:\work\stm32_0803\dianwangproject\MDK-ARM\dianwangproject.uvprojx
Project File Date:  08/03/2025

<h2>Output:</h2>
*** Using Compiler 'V5.06 update 7 (build 960)', folder: 'D:\Keil_v5\ARM\ARMCC\Bin'
Rebuild target 'dianwangproject'
assembling startup_stm32f767xx.s...
compiling modbusCRC.c...
compiling stm32f7xx_hal_spi_ex.c...
compiling stm32f7xx_hal_msp.c...
compiling stm32f7xx_it.c...
compiling stm32f7xx_hal_cortex.c...
compiling dma.c...
compiling spi.c...
compiling main.c...
../User/user_main/user_main.h(12): warning:  #1295-D: Deprecated declaration wifi_init - give arg types
  void wifi_init();
../Core/Src/main.c: 1 warning, 0 errors
compiling stm32f7xx_hal_spi.c...
compiling tim.c...
compiling gpio.c...
compiling usart.c...
../User/user_main/user_main.h(12): warning:  #1295-D: Deprecated declaration wifi_init - give arg types
  void wifi_init();
../Core/Src/usart.c(1063): warning:  #188-D: enumerated type mixed with another type
  				Motor_Control(recv_cmd[0],recv_cmd[1]);
../Core/Src/usart.c(1063): warning:  #188-D: enumerated type mixed with another type
  				Motor_Control(recv_cmd[0],recv_cmd[1]);
../Core/Src/usart.c(1027): warning:  #177-D: variable "cmd"  was declared but never referenced
  		 uint8_t cmd[50];
../Core/Src/usart.c(1151): warning:  #188-D: enumerated type mixed with another type
  		   		Motor_Control(cmd[0],cmd[1]);
../Core/Src/usart.c(1151): warning:  #188-D: enumerated type mixed with another type
  		   		Motor_Control(cmd[0],cmd[1]);
../Core/Src/usart.c(1205): warning:  #177-D: variable "RollAngle"  was declared but never referenced
  	uint16_t RollAngle,PitchAngle,YawAngle;
../Core/Src/usart.c(1205): warning:  #177-D: variable "PitchAngle"  was declared but never referenced
  	uint16_t RollAngle,PitchAngle,YawAngle;
../Core/Src/usart.c(1205): warning:  #177-D: variable "YawAngle"  was declared but never referenced
  	uint16_t RollAngle,PitchAngle,YawAngle;
../Core/Src/usart.c(1206): warning:  #177-D: variable "decimal_value"  was declared but never referenced
  	int32_t decimal_value; 
../Core/Src/usart.c(1207): warning:  #177-D: variable "isPositive"  was declared but never referenced
  	uint16_t isPositive = 0; 
../Core/Src/usart.c: 11 warnings, 0 errors
compiling stm32f7xx_hal.c...
compiling stm32f7xx_hal_pwr_ex.c...
compiling stm32f7xx_hal_i2c.c...
compiling stm32f7xx_hal_i2c_ex.c...
compiling stm32f7xx_hal_exti.c...
compiling stm32f7xx_hal_tim_ex.c...
compiling stm32f7xx_hal_pwr.c...
compiling stm32f7xx_hal_tim.c...
compiling stm32f7xx_hal_dma_ex.c...
compiling socket.c...
compiling w5500.c...
compiling wizchip_conf.c...
compiling dhcp.c...
compiling user_main.c...
..\User\user_main\user_main.h(12): warning:  #1295-D: Deprecated declaration wifi_init - give arg types
  void wifi_init();
..\User\user_main\user_main.c: 1 warning, 0 errors
compiling stm32f7xx_hal_uart_ex.c...
compiling wiz_interface.c...
compiling system_stm32f7xx.c...
compiling stm32f7xx_hal_uart.c...
compiling loopback.c...
..\User\Loopback\loopback.c(57): warning:  #177-D: variable "sentsize"  was declared but never referenced
      uint16_t size = 0, sentsize = 0;
..\User\Loopback\loopback.c(58): warning:  #550-D: variable "retry_count"  was set but never used
      static uint8_t retry_count = 0;
..\User\Loopback\loopback.c(137): warning:  #550-D: variable "sentsize"  was set but never used
     uint16_t size = 0, sentsize = 0;
..\User\Loopback\loopback.c(141): warning:  #550-D: variable "destport"  was set but never used
     uint16_t destport;
..\User\Loopback\loopback.c: 4 warnings, 0 errors
compiling wiz_platform.c...
compiling stm32f7xx_hal_gpio.c...
compiling stm32f7xx_hal_dma.c...
compiling stm32f7xx_hal_flash_ex.c...
compiling stm32f7xx_hal_flash.c...
compiling stm32f7xx_hal_rcc.c...
compiling stm32f7xx_hal_rcc_ex.c...
linking...
Program Size: Code=30302 RO-data=1366 RW-data=348 ZI-data=6628  
FromELF: creating hex file...
"dianwangproject\dianwangproject.axf" - 0 Error(s), 17 Warning(s).

<h2>Software Packages used:</h2>

Package Vendor: ARM
                http://www.keil.com/pack/ARM.CMSIS.5.8.0.pack
                ARM.CMSIS.5.8.0
                CMSIS (Common Microcontroller Software Interface Standard)
   * Component: CORE Version: 5.5.0

Package Vendor: Keil
                http://www.keil.com/pack/Keil.STM32F7xx_DFP.2.7.0.pack
                Keil.STM32F7xx_DFP.2.7.0
                STMicroelectronics STM32F7 Series Device Support, Drivers and Examples

<h2>Collection of Component include folders:</h2>
  .\RTE\_dianwangproject
  D:\Users\Bright\AppData\Local\Arm\Packs\ARM\CMSIS\5.8.0\CMSIS\Core\Include
  D:\Users\Bright\AppData\Local\Arm\Packs\Keil\STM32F7xx_DFP\2.7.0\Drivers\CMSIS\Device\ST\STM32F7xx\Include

<h2>Collection of Component Files used:</h2>

   * Component: ARM::CMSIS:CORE:5.5.0
      Include file:  CMSIS\Core\Include\tz_context.h
Build Time Elapsed:  00:00:36
</pre>
</body>
</html>
