Component: ARM Compiler 5.06 update 7 (build 960) Tool: armlink [4d3601]

==============================================================================

Section Cross References

    startup_stm32f767xx.o(RESET) refers to startup_stm32f767xx.o(STACK) for __initial_sp
    startup_stm32f767xx.o(RESET) refers to startup_stm32f767xx.o(.text) for Reset_Handler
    startup_stm32f767xx.o(RESET) refers to stm32f7xx_it.o(i.NMI_Handler) for NMI_Handler
    startup_stm32f767xx.o(RESET) refers to stm32f7xx_it.o(i.HardFault_Handler) for HardFault_Handler
    startup_stm32f767xx.o(RESET) refers to stm32f7xx_it.o(i.MemManage_Handler) for MemManage_Handler
    startup_stm32f767xx.o(RESET) refers to stm32f7xx_it.o(i.BusFault_Handler) for BusFault_Handler
    startup_stm32f767xx.o(RESET) refers to stm32f7xx_it.o(i.UsageFault_Handler) for UsageFault_Handler
    startup_stm32f767xx.o(RESET) refers to stm32f7xx_it.o(i.SVC_Handler) for SVC_Handler
    startup_stm32f767xx.o(RESET) refers to stm32f7xx_it.o(i.DebugMon_Handler) for DebugMon_Handler
    startup_stm32f767xx.o(RESET) refers to stm32f7xx_it.o(i.PendSV_Handler) for PendSV_Handler
    startup_stm32f767xx.o(RESET) refers to stm32f7xx_it.o(i.SysTick_Handler) for SysTick_Handler
    startup_stm32f767xx.o(RESET) refers to stm32f7xx_it.o(i.DMA1_Stream0_IRQHandler) for DMA1_Stream0_IRQHandler
    startup_stm32f767xx.o(RESET) refers to stm32f7xx_it.o(i.DMA1_Stream1_IRQHandler) for DMA1_Stream1_IRQHandler
    startup_stm32f767xx.o(RESET) refers to stm32f7xx_it.o(i.DMA1_Stream2_IRQHandler) for DMA1_Stream2_IRQHandler
    startup_stm32f767xx.o(RESET) refers to stm32f7xx_it.o(i.DMA1_Stream3_IRQHandler) for DMA1_Stream3_IRQHandler
    startup_stm32f767xx.o(RESET) refers to stm32f7xx_it.o(i.DMA1_Stream4_IRQHandler) for DMA1_Stream4_IRQHandler
    startup_stm32f767xx.o(RESET) refers to stm32f7xx_it.o(i.DMA1_Stream5_IRQHandler) for DMA1_Stream5_IRQHandler
    startup_stm32f767xx.o(RESET) refers to stm32f7xx_it.o(i.DMA1_Stream6_IRQHandler) for DMA1_Stream6_IRQHandler
    startup_stm32f767xx.o(RESET) refers to stm32f7xx_it.o(i.TIM2_IRQHandler) for TIM2_IRQHandler
    startup_stm32f767xx.o(RESET) refers to stm32f7xx_it.o(i.TIM3_IRQHandler) for TIM3_IRQHandler
    startup_stm32f767xx.o(RESET) refers to stm32f7xx_it.o(i.USART1_IRQHandler) for USART1_IRQHandler
    startup_stm32f767xx.o(RESET) refers to stm32f7xx_it.o(i.USART2_IRQHandler) for USART2_IRQHandler
    startup_stm32f767xx.o(RESET) refers to stm32f7xx_it.o(i.USART3_IRQHandler) for USART3_IRQHandler
    startup_stm32f767xx.o(RESET) refers to stm32f7xx_it.o(i.UART4_IRQHandler) for UART4_IRQHandler
    startup_stm32f767xx.o(RESET) refers to stm32f7xx_it.o(i.DMA2_Stream1_IRQHandler) for DMA2_Stream1_IRQHandler
    startup_stm32f767xx.o(RESET) refers to stm32f7xx_it.o(i.DMA2_Stream2_IRQHandler) for DMA2_Stream2_IRQHandler
    startup_stm32f767xx.o(RESET) refers to stm32f7xx_it.o(i.DMA2_Stream6_IRQHandler) for DMA2_Stream6_IRQHandler
    startup_stm32f767xx.o(RESET) refers to stm32f7xx_it.o(i.DMA2_Stream7_IRQHandler) for DMA2_Stream7_IRQHandler
    startup_stm32f767xx.o(RESET) refers to stm32f7xx_it.o(i.USART6_IRQHandler) for USART6_IRQHandler
    startup_stm32f767xx.o(RESET) refers to stm32f7xx_it.o(i.UART8_IRQHandler) for UART8_IRQHandler
    startup_stm32f767xx.o(.text) refers to system_stm32f7xx.o(i.SystemInit) for SystemInit
    startup_stm32f767xx.o(.text) refers to entry.o(.ARM.Collect$$$$00000000) for __main
    modbuscrc.o(i.ModbusCRC16) refers to modbuscrc.o(.constdata) for .constdata
    main.o(i.SystemClock_Config) refers to memseta.o(.text) for __aeabi_memclr4
    main.o(i.SystemClock_Config) refers to stm32f7xx_hal_pwr.o(i.HAL_PWR_EnableBkUpAccess) for HAL_PWR_EnableBkUpAccess
    main.o(i.SystemClock_Config) refers to stm32f7xx_hal_rcc.o(i.HAL_RCC_OscConfig) for HAL_RCC_OscConfig
    main.o(i.SystemClock_Config) refers to stm32f7xx_hal_pwr_ex.o(i.HAL_PWREx_EnableOverDrive) for HAL_PWREx_EnableOverDrive
    main.o(i.SystemClock_Config) refers to stm32f7xx_hal_rcc.o(i.HAL_RCC_ClockConfig) for HAL_RCC_ClockConfig
    main.o(i.main) refers to stm32f7xx_hal.o(i.HAL_Init) for HAL_Init
    main.o(i.main) refers to main.o(i.SystemClock_Config) for SystemClock_Config
    main.o(i.main) refers to dma.o(i.MX_DMA_Init) for MX_DMA_Init
    main.o(i.main) refers to gpio.o(i.MX_GPIO_Init) for MX_GPIO_Init
    main.o(i.main) refers to usart.o(i.MX_USART6_UART_Init) for MX_USART6_UART_Init
    main.o(i.main) refers to usart.o(i.MX_USART1_UART_Init) for MX_USART1_UART_Init
    main.o(i.main) refers to usart.o(i.MX_UART8_Init) for MX_UART8_Init
    main.o(i.main) refers to usart.o(i.MX_USART2_UART_Init) for MX_USART2_UART_Init
    main.o(i.main) refers to usart.o(i.MX_UART4_Init) for MX_UART4_Init
    main.o(i.main) refers to usart.o(i.MX_USART3_UART_Init) for MX_USART3_UART_Init
    main.o(i.main) refers to tim.o(i.MX_TIM2_Init) for MX_TIM2_Init
    main.o(i.main) refers to spi.o(i.MX_SPI2_Init) for MX_SPI2_Init
[...]
    i.wizphy_setphypmode                     0x08007836   Section        0  wizchip_conf.o(i.wizphy_setphypmode)
    .constdata                               0x08007886   Section      512  modbuscrc.o(.constdata)
    .constdata                               0x08007a86   Section        8  stm32f7xx_hal_dma.o(.constdata)
    flagBitshiftOffset                       0x08007a86   Data           8  stm32f7xx_hal_dma.o(.constdata)
    .constdata                               0x08007a8e   Section       16  system_stm32f7xx.o(.constdata)
    .constdata                               0x08007a9e   Section        8  system_stm32f7xx.o(.constdata)
    .conststring                             0x08007aa8   Section      284  wiz_interface.o(.conststring)
    .data                                    0x20000000   Section       13  main.o(.data)
    .data                                    0x2000000d   Section        8  main.o(.data)
    .data                                    0x20000015   Section        8  main.o(.data)
    .data                                    0x2000001d   Section        8  main.o(.data)
    .data                                    0x20000025   Section        8  main.o(.data)
    .data                                    0x2000002d   Section        8  main.o(.data)
    .data                                    0x20000035   Section        8  main.o(.data)
    .data                                    0x2000003d   Section        8  main.o(.data)
    .data                                    0x20000045   Section        8  main.o(.data)
    .data                                    0x2000004d   Section        8  main.o(.data)
    .data                                    0x20000055   Section       24  main.o(.data)
    .data                                    0x2000006d   Section        1  main.o(.data)
    .data                                    0x20000070   Section       24  tim.o(.data)
    .data                                    0x20000088   Section        2  tim.o(.data)
    .data                                    0x2000008c   Section       12  stm32f7xx_hal.o(.data)
    .data                                    0x20000098   Section        4  system_stm32f7xx.o(.data)
    .data                                    0x2000009c   Section       14  socket.o(.data)
    sock_any_port                            0x2000009c   Data           2  socket.o(.data)
    sock_io_mode                             0x2000009e   Data           2  socket.o(.data)
    sock_is_sending                          0x200000a0   Data           2  socket.o(.data)
    .data                                    0x200000ac   Section       52  wizchip_conf.o(.data)
    _DHCP_                                   0x200000ac   Data           1  wizchip_conf.o(.data)
    _DNS_                                    0x200000ad   Data           4  wizchip_conf.o(.data)
    .data                                    0x200000e0   Section       78  dhcp.o(.data)
    .data                                    0x2000012e   Section       23  user_main.o(.data)
    .data                                    0x20000146   Section        2  user_main.o(.data)
    .data                                    0x20000148   Section        8  wiz_interface.o(.data)
    .data                                    0x20000150   Section        4  stdout.o(.data)
    .data                                    0x20000154   Section        4  mvars.o(.data)
    .data                                    0x20000158   Section        4  mvars.o(.data)
    .bss                                     0x2000015c   Section      846  main.o(.bss)
    .bss                                     0x200004ac   Section      100  spi.o(.bss)
    .bss                                     0x20000510   Section      152  tim.o(.bss)
    .bss                                     0x200005a8   Section       50  tim.o(.bss)
    .bss                                     0x200005dc   Section     1872  usart.o(.bss)
    .bss                                     0x20000d2c   Section       16  socket.o(.bss)
    sock_remained_size                       0x20000d2c   Data          16  socket.o(.bss)
    .bss                                     0x20000d3c   Section     2048  user_main.o(.bss)
    HEAP                                     0x20001540   Section      512  startup_stm32f767xx.o(HEAP)
    STACK                                    0x20001740   Section     1024  startup_stm32f767xx.o(STACK)

    Global Symbols

    Symbol Name                              Value     Ov Type        Size  Object(Section)

    BuildAttributes$$THM_ISAv4$E$P$D$K$B$S$7EM$VFPv5_D16$PE$PLD8$A:L22UL41UL21$X:L11$S22US41US21$IEEE1$IW$USESV6$~STKCKD$USESV7$~SHL$OSPACE$ROPI$EBA8$MICROLIB$REQ8$PRES8$EABIv2 0x00000000   Number         0  anon$$obj.o ABSOLUTE
    __ARM_use_no_argv                        0x00000000   Number         0  main.o ABSOLUTE
    _printf_a                                0x00000000   Number         0  stubs.o ABSOLUTE
    _printf_c                                0x00000000   Number         0  stubs.o ABSOLUTE
    _printf_charcount                        0x00000000   Number         0  stubs.o ABSOLUTE
    _printf_d                                0x00000000   Number         0  stubs.o ABSOLUTE
    _printf_e                                0x00000000   Number         0  stubs.o ABSOLUTE
    _printf_f                                0x00000000   Number         0  stubs.o ABSOLUTE
    _printf_flags                            0x00000000   Number         0  stubs.o ABSOLUTE
    _printf_fp_dec                           0x00000000   Number         0  stubs.o ABSOLUTE
    _printf_fp_hex                           0x00000000   Number         0  stubs.o ABSOLUTE
    _printf_g                                0x00000000   Number         0  stubs.o ABSOLUTE
    _printf_i                                0x00000000   Number         0  stubs.o ABSOLUTE
    _printf_int_dec                          0x00000000   Number         0  stubs.o ABSOLUTE
    _printf_l                                0x00000000   Number         0  stubs.o ABSOLUTE
    _printf_lc                               0x00000000   Number         0  stubs.o ABSOLUTE
    _printf_ll                               0x00000000   Number         0  stubs.o ABSOLUTE
    _printf_lld                              0x00000000   Number         0  stubs.o ABSOLUTE
    _printf_lli                              0x00000000   Number         0  stubs.o ABSOLUTE
    _printf_llo                              0x00000000   Number         0  stubs.o ABSOLUTE
    _printf_llu                              0x00000000   Number         0  stubs.o ABSOLUTE
    _printf_llx                              0x00000000   Number         0  stubs.o ABSOLUTE
    _printf_longlong_dec                     0x00000000   Number         0  stubs.o ABSOLUTE
    _printf_longlong_hex                     0x00000000   Number         0  stubs.o ABSOLUTE
    _printf_longlong_oct                     0x00000000   Number         0  stubs.o ABSOLUTE
    _printf_ls                               0x00000000   Number         0  stubs.o ABSOLUTE
    _printf_mbtowc                           0x00000000   Number         0  stubs.o ABSOLUTE
    _printf_n                                0x00000000   Number         0  stubs.o ABSOLUTE
    _printf_o                                0x00000000   Number         0  stubs.o ABSOLUTE
    _printf_p                                0x00000000   Number         0  stubs.o ABSOLUTE
    _printf_percent                          0x00000000   Number         0  stubs.o ABSOLUTE
    _printf_pre_padding                      0x00000000   Number         0  stubs.o ABSOLUTE
    _printf_return_value                     0x00000000   Number         0  stubs.o ABSOLUTE
    _printf_s                                0x00000000   Number         0  stubs.o ABSOLUTE
    _printf_sizespec                         0x00000000   Number         0  stubs.o ABSOLUTE
    _printf_str                              0x00000000   Number         0  stubs.o ABSOLUTE
    _printf_truncate_signed                  0x00000000   Number         0  stubs.o ABSOLUTE
    _printf_truncate_unsigned                0x00000000   Number         0  stubs.o ABSOLUTE
    _printf_u                                0x00000000   Number         0  stubs.o ABSOLUTE
    _printf_wc                               0x00000000   Number         0  stubs.o ABSOLUTE
    _printf_wctomb                           0x00000000   Number         0  stubs.o ABSOLUTE
    _printf_widthprec                        0x00000000   Number         0  stubs.o ABSOLUTE
    _printf_x                                0x00000000   Number         0  stubs.o ABSOLUTE
    __arm_fini_                               - Undefined Weak Reference
    __cpp_initialize__aeabi_                  - Undefined Weak Reference
    __cxa_finalize                            - Undefined Weak Reference
    _clock_init                               - Undefined Weak Reference
    _microlib_exit                            - Undefined Weak Reference
    __Vectors_Size                           0x000001f8   Number         0  startup_stm32f767xx.o ABSOLUTE
    __Vectors                                0x08000000   Data           4  startup_stm32f767xx.o(RESET)
    __Vectors_End                            0x080001f8   Data           0  startup_stm32f767xx.o(RESET)
    __main                                   0x080001f9   Thumb Code     0  entry.o(.ARM.Collect$$$$00000000)
    _main_stk                                0x080001f9   Thumb Code     0  entry2.o(.ARM.Collect$$$$00000001)
    _main_scatterload                        0x080001fd   Thumb Code     0  entry5.o(.ARM.Collect$$$$00000004)
    __main_after_scatterload                 0x08000201   Thumb Code     0  entry5.o(.ARM.Collect$$$$00000004)
    _main_clock                              0x08000201   Thumb Code     0  entry7b.o(.ARM.Collect$$$$00000008)
    _main_cpp_init                           0x08000201   Thumb Code     0  entry8b.o(.ARM.Collect$$$$0000000A)
    _main_init                               0x08000201   Thumb Code     0  entry9a.o(.ARM.Collect$$$$0000000B)
    __rt_lib_shutdown_fini                   0x08000209   Thumb Code     0  entry12b.o(.ARM.Collect$$$$0000000E)
    __rt_final_cpp                           0x0800020d   Thumb Code     0  entry10a.o(.ARM.Collect$$$$0000000F)
    __rt_final_exit                          0x0800020d   Thumb Code     0  entry11a.o(.ARM.Collect$$$$00000011)
    Reset_Handler                            0x08000211   Thumb Code     8  startup_stm32f767xx.o(.text)
    ADC_IRQHandler                           0x0800022b   Thumb Code     0  startup_stm32f767xx.o(.text)
    CAN1_RX0_IRQHandler                      0x0800022b   Thumb Code     0  startup_stm32f767xx.o(.text)
    CAN1_RX1_IRQHandler                      0x0800022b   Thumb Code     0  startup_stm32f767xx.o(.text)
    CAN1_SCE_IRQHandler                      0x0800022b   Thumb Code     0  startup_stm32f767xx.o(.text)
    CAN1_TX_IRQHandler                       0x0800022b   Thumb Code     0  startup_stm32f767xx.o(.text)
    CAN2_RX0_IRQHandler                      0x0800022b   Thumb Code     0  startup_stm32f767xx.o(.text)
    CAN2_RX1_IRQHandler                      0x0800022b   Thumb Code     0  startup_stm32f767xx.o(.text)
    CAN2_SCE_IRQHandler                      0x0800022b   Thumb Code     0  startup_stm32f767xx.o(.text)
    CAN2_TX_IRQHandler                       0x0800022b   Thumb Code     0  startup_stm32f767xx.o(.text)
    CAN3_RX0_IRQHandler                      0x0800022b   Thumb Code     0  startup_stm32f767xx.o(.text)
    CAN3_RX1_IRQHandler                      0x0800022b   Thumb Code     0  startup_stm32f767xx.o(.text)
    CAN3_SCE_IRQHandler                      0x0800022b   Thumb Code     0  startup_stm32f767xx.o(.text)
    CAN3_TX_IRQHandler                       0x0800022b   Thumb Code     0  startup_stm32f767xx.o(.text)
    CEC_IRQHandler                           0x0800022b   Thumb Code     0  startup_stm32f767xx.o(.text)
    DCMI_IRQHandler                          0x0800022b   Thumb Code     0  startup_stm32f767xx.o(.text)
    DFSDM1_FLT0_IRQHandler                   0x0800022b   Thumb Code     0  startup_stm32f767xx.o(.text)
    DFSDM1_FLT1_IRQHandler                   0x0800022b   Thumb Code     0  startup_stm32f767xx.o(.text)
    DFSDM1_FLT2_IRQHandler                   0x0800022b   Thumb Code     0  startup_stm32f767xx.o(.text)
    DFSDM1_FLT3_IRQHandler                   0x0800022b   Thumb Code     0  startup_stm32f767xx.o(.text)
    DMA1_Stream7_IRQHandler                  0x0800022b   Thumb Code     0  startup_stm32f767xx.o(.text)
    DMA2D_IRQHandler                         0x0800022b   Thumb Code     0  startup_stm32f767xx.o(.text)
    DMA2_Stream0_IRQHandler                  0x0800022b   Thumb Code     0  startup_stm32f767xx.o(.text)
    DMA2_Stream3_IRQHandler                  0x0800022b   Thumb Code     0  startup_stm32f767xx.o(.text)
    DMA2_Stream4_IRQHandler                  0x0800022b   Thumb Code     0  startup_stm32f767xx.o(.text)
    DMA2_Stream5_IRQHandler                  0x0800022b   Thumb Code     0  startup_stm32f767xx.o(.text)
    ETH_IRQHandler                           0x0800022b   Thumb Code     0  startup_stm32f767xx.o(.text)
    ETH_WKUP_IRQHandler                      0x0800022b   Thumb Code     0  startup_stm32f767xx.o(.text)
    EXTI0_IRQHandler                         0x0800022b   Thumb Code     0  startup_stm32f767xx.o(.text)
    EXTI15_10_IRQHandler                     0x0800022b   Thumb Code     0  startup_stm32f767xx.o(.text)
    EXTI1_IRQHandler                         0x0800022b   Thumb Code     0  startup_stm32f767xx.o(.text)
    EXTI2_IRQHandler                         0x0800022b   Thumb Code     0  startup_stm32f767xx.o(.text)
    EXTI3_IRQHandler                         0x0800022b   Thumb Code     0  startup_stm32f767xx.o(.text)
    EXTI4_IRQHandler                         0x0800022b   Thumb Code     0  startup_stm32f767xx.o(.text)
    EXTI9_5_IRQHandler                       0x0800022b   Thumb Code     0  startup_stm32f767xx.o(.text)
    FLASH_IRQHandler                         0x0800022b   Thumb Code     0  startup_stm32f767xx.o(.text)
    FMC_IRQHandler                           0x0800022b   Thumb Code     0  startup_stm32f767xx.o(.text)
    FPU_IRQHandler                           0x0800022b   Thumb Code     0  startup_stm32f767xx.o(.text)
    I2C1_ER_IRQHandler                       0x0800022b   Thumb Code     0  startup_stm32f767xx.o(.text)
    I2C1_EV_IRQHandler                       0x0800022b   Thumb Code     0  startup_stm32f767xx.o(.text)
    I2C2_ER_IRQHandler                       0x0800022b   Thumb Code     0  startup_stm32f767xx.o(.text)
    I2C2_EV_IRQHandler                       0x0800022b   Thumb Code     0  startup_stm32f767xx.o(.text)
    I2C3_ER_IRQHandler                       0x0800022b   Thumb Code     0  startup_stm32f767xx.o(.text)
    I2C3_EV_IRQHandler                       0x0800022b   Thumb Code     0  startup_stm32f767xx.o(.text)
    I2C4_ER_IRQHandler                       0x0800022b   Thumb Code     0  startup_stm32f767xx.o(.text)
    I2C4_EV_IRQHandler                       0x0800022b   Thumb Code     0  startup_stm32f767xx.o(.text)
    JPEG_IRQHandler                          0x0800022b   Thumb Code     0  startup_stm32f767xx.o(.text)
    LPTIM1_IRQHandler                        0x0800022b   Thumb Code     0  startup_stm32f767xx.o(.text)
    LTDC_ER_IRQHandler                       0x0800022b   Thumb Code     0  startup_stm32f767xx.o(.text)
    LTDC_IRQHandler                          0x0800022b   Thumb Code     0  startup_stm32f767xx.o(.text)
    MDIOS_IRQHandler                         0x0800022b   Thumb Code     0  startup_stm32f767xx.o(.text)
    OTG_FS_IRQHandler                        0x0800022b   Thumb Code     0  startup_stm32f767xx.o(.text)
    OTG_FS_WKUP_IRQHandler                   0x0800022b   Thumb Code     0  startup_stm32f767xx.o(.text)
    OTG_HS_EP1_IN_IRQHandler                 0x0800022b   Thumb Code     0  startup_stm32f767xx.o(.text)
    OTG_HS_EP1_OUT_IRQHandler                0x0800022b   Thumb Code     0  startup_stm32f767xx.o(.text)
    OTG_HS_IRQHandler                        0x0800022b   Thumb Code     0  startup_stm32f767xx.o(.text)
    OTG_HS_WKUP_IRQHandler                   0x0800022b   Thumb Code     0  startup_stm32f767xx.o(.text)
    PVD_IRQHandler                           0x0800022b   Thumb Code     0  startup_stm32f767xx.o(.text)
    QUADSPI_IRQHandler                       0x0800022b   Thumb Code     0  startup_stm32f767xx.o(.text)
    RCC_IRQHandler                           0x0800022b   Thumb Code     0  startup_stm32f767xx.o(.text)
    RNG_IRQHandler                           0x0800022b   Thumb Code     0  startup_stm32f767xx.o(.text)
    RTC_Alarm_IRQHandler                     0x0800022b   Thumb Code     0  startup_stm32f767xx.o(.text)
    RTC_WKUP_IRQHandler                      0x0800022b   Thumb Code     0  startup_stm32f767xx.o(.text)
    SAI1_IRQHandler                          0x0800022b   Thumb Code     0  startup_stm32f767xx.o(.text)
    SAI2_IRQHandler                          0x0800022b   Thumb Code     0  startup_stm32f767xx.o(.text)
    SDMMC1_IRQHandler                        0x0800022b   Thumb Code     0  startup_stm32f767xx.o(.text)
    SDMMC2_IRQHandler                        0x0800022b   Thumb Code     0  startup_stm32f767xx.o(.text)
    SPDIF_RX_IRQHandler                      0x0800022b   Thumb Code     0  startup_stm32f767xx.o(.text)
    SPI1_IRQHandler                          0x0800022b   Thumb Code     0  startup_stm32f767xx.o(.text)
    SPI2_IRQHandler                          0x0800022b   Thumb Code     0  startup_stm32f767xx.o(.text)
    SPI3_IRQHandler                          0x0800022b   Thumb Code     0  startup_stm32f767xx.o(.text)
    SPI4_IRQHandler                          0x0800022b   Thumb Code     0  startup_stm32f767xx.o(.text)
    SPI5_IRQHandler                          0x0800022b   Thumb Code     0  startup_stm32f767xx.o(.text)
    SPI6_IRQHandler                          0x0800022b   Thumb Code     0  startup_stm32f767xx.o(.text)
    TAMP_STAMP_IRQHandler                    0x0800022b   Thumb Code     0  startup_stm32f767xx.o(.text)
    TIM1_BRK_TIM9_IRQHandler                 0x0800022b   Thumb Code     0  startup_stm32f767xx.o(.text)
    TIM1_CC_IRQHandler                       0x0800022b   Thumb Code     0  startup_stm32f767xx.o(.text)
    TIM1_TRG_COM_TIM11_IRQHandler            0x0800022b   Thumb Code     0  startup_stm32f767xx.o(.text)
    TIM1_UP_TIM10_IRQHandler                 0x0800022b   Thumb Code     0  startup_stm32f767xx.o(.text)
    TIM4_IRQHandler                          0x0800022b   Thumb Code     0  startup_stm32f767xx.o(.text)
    TIM5_IRQHandler                          0x0800022b   Thumb Code     0  startup_stm32f767xx.o(.text)
    TIM6_DAC_IRQHandler                      0x0800022b   Thumb Code     0  startup_stm32f767xx.o(.text)
    TIM7_IRQHandler                          0x0800022b   Thumb Code     0  startup_stm32f767xx.o(.text)
    TIM8_BRK_TIM12_IRQHandler                0x0800022b   Thumb Code     0  startup_stm32f767xx.o(.text)
    TIM8_CC_IRQHandler                       0x0800022b   Thumb Code     0  startup_stm32f767xx.o(.text)
    TIM8_TRG_COM_TIM14_IRQHandler            0x0800022b   Thumb Code     0  startup_stm32f767xx.o(.text)
    TIM8_UP_TIM13_IRQHandler                 0x0800022b   Thumb Code     0  startup_stm32f767xx.o(.text)
    UART5_IRQHandler                         0x0800022b   Thumb Code     0  startup_stm32f767xx.o(.text)
    UART7_IRQHandler                         0x0800022b   Thumb Code     0  startup_stm32f767xx.o(.text)
    WWDG_IRQHandler                          0x0800022b   Thumb Code     0  startup_stm32f767xx.o(.text)
    __aeabi_uldivmod                         0x08000235   Thumb Code    98  uldiv.o(.text)
    __aeabi_memset                           0x08000297   Thumb Code    14  memseta.o(.text)
    __aeabi_memset4                          0x08000297   Thumb Code     0  memseta.o(.text)
    __aeabi_memset8                          0x08000297   Thumb Code     0  memseta.o(.text)
    __aeabi_memclr                           0x080002a5   Thumb Code     4  memseta.o(.text)
    __aeabi_memclr4                          0x080002a5   Thumb Code     0  memseta.o(.text)
    __aeabi_memclr8                          0x080002a5   Thumb Code     0  memseta.o(.text)
    _memset$wrapper                          0x080002a9   Thumb Code    18  memseta.o(.text)
    __aeabi_llsl                             0x080002bb   Thumb Code    30  llshl.o(.text)
    _ll_shift_l                              0x080002bb   Thumb Code     0  llshl.o(.text)
    __aeabi_llsr                             0x080002d9   Thumb Code    32  llushr.o(.text)
    _ll_ushift_r                             0x080002d9   Thumb Code     0  llushr.o(.text)
    __scatterload                            0x080002f9   Thumb Code    28  init.o(.text)
    __scatterload_rt2                        0x080002f9   Thumb Code     0  init.o(.text)
    __decompress                             0x0800031d   Thumb Code     0  __dczerorl2.o(.text)
    __decompress1                            0x0800031d   Thumb Code    86  __dczerorl2.o(.text)
    BusFault_Handler                         0x08000373   Thumb Code     2  stm32f7xx_it.o(i.BusFault_Handler)
    Cover_Close                              0x08000375   Thumb Code    12  usart.o(i.Cover_Close)
    Cover_Open                               0x08000385   Thumb Code    12  usart.o(i.Cover_Open)
    DHCP_init                                0x08000395   Thumb Code   146  dhcp.o(i.DHCP_init)
    DHCP_run                                 0x08000431   Thumb Code   290  dhcp.o(i.DHCP_run)
    DHCP_stop                                0x08000559   Thumb Code    16  dhcp.o(i.DHCP_stop)
    DHCP_time_handler                        0x0800056d   Thumb Code    10  dhcp.o(i.DHCP_time_handler)
    DMA1_Stream0_IRQHandler                  0x0800057d   Thumb Code     6  stm32f7xx_it.o(i.DMA1_Stream0_IRQHandler)
    DMA1_Stream1_IRQHandler                  0x08000589   Thumb Code     6  stm32f7xx_it.o(i.DMA1_Stream1_IRQHandler)
    DMA1_Stream2_IRQHandler                  0x08000595   Thumb Code     6  stm32f7xx_it.o(i.DMA1_Stream2_IRQHandler)
    DMA1_Stream3_IRQHandler                  0x080005a1   Thumb Code     6  stm32f7xx_it.o(i.DMA1_Stream3_IRQHandler)
    DMA1_Stream4_IRQHandler                  0x080005ad   Thumb Code     6  stm32f7xx_it.o(i.DMA1_Stream4_IRQHandler)
    DMA1_Stream5_IRQHandler                  0x080005b9   Thumb Code     6  stm32f7xx_it.o(i.DMA1_Stream5_IRQHandler)
    DMA1_Stream6_IRQHandler                  0x080005c5   Thumb Code     6  stm32f7xx_it.o(i.DMA1_Stream6_IRQHandler)
    DMA2_Stream1_IRQHandler                  0x080005d1   Thumb Code     6  stm32f7xx_it.o(i.DMA2_Stream1_IRQHandler)
    DMA2_Stream2_IRQHandler                  0x080005dd   Thumb Code     6  stm32f7xx_it.o(i.DMA2_Stream2_IRQHandler)
    DMA2_Stream6_IRQHandler                  0x080005e9   Thumb Code     6  stm32f7xx_it.o(i.DMA2_Stream6_IRQHandler)
    DMA2_Stream7_IRQHandler                  0x080005f5   Thumb Code     6  stm32f7xx_it.o(i.DMA2_Stream7_IRQHandler)
    DebugMon_Handler                         0x080006a5   Thumb Code     2  stm32f7xx_it.o(i.DebugMon_Handler)
    Error_Handler                            0x080006a7   Thumb Code     4  main.o(i.Error_Handler)
    HAL_DMA_Abort                            0x080006ab   Thumb Code   146  stm32f7xx_hal_dma.o(i.HAL_DMA_Abort)
    HAL_DMA_Abort_IT                         0x0800073d   Thumb Code    36  stm32f7xx_hal_dma.o(i.HAL_DMA_Abort_IT)
    HAL_DMA_IRQHandler                       0x08000761   Thumb Code   412  stm32f7xx_hal_dma.o(i.HAL_DMA_IRQHandler)
    HAL_DMA_Init                             0x08000901   Thumb Code   222  stm32f7xx_hal_dma.o(i.HAL_DMA_Init)
    HAL_DMA_Start_IT                         0x080009e5   Thumb Code   122  stm32f7xx_hal_dma.o(i.HAL_DMA_Start_IT)
    HAL_GPIO_Init                            0x08000a61   Thumb Code   530  stm32f7xx_hal_gpio.o(i.HAL_GPIO_Init)
    HAL_GPIO_ReadPin                         0x08000ca9   Thumb Code    10  stm32f7xx_hal_gpio.o(i.HAL_GPIO_ReadPin)
    HAL_GPIO_WritePin                        0x08000cb3   Thumb Code    10  stm32f7xx_hal_gpio.o(i.HAL_GPIO_WritePin)
    HAL_GetTick                              0x08000cbd   Thumb Code     6  stm32f7xx_hal.o(i.HAL_GetTick)
    HAL_IncTick                              0x08000cc9   Thumb Code    12  stm32f7xx_hal.o(i.HAL_IncTick)
    HAL_Init                                 0x08000cd9   Thumb Code    22  stm32f7xx_hal.o(i.HAL_Init)
    HAL_InitTick                             0x08000cf1   Thumb Code    54  stm32f7xx_hal.o(i.HAL_InitTick)
    HAL_MspInit                              0x08000d31   Thumb Code    42  stm32f7xx_hal_msp.o(i.HAL_MspInit)
    HAL_NVIC_EnableIRQ                       0x08000d61   Thumb Code    26  stm32f7xx_hal_cortex.o(i.HAL_NVIC_EnableIRQ)
    HAL_NVIC_SetPriority                     0x08000d7d   Thumb Code    60  stm32f7xx_hal_cortex.o(i.HAL_NVIC_SetPriority)
    HAL_NVIC_SetPriorityGrouping             0x08000dbd   Thumb Code    28  stm32f7xx_hal_cortex.o(i.HAL_NVIC_SetPriorityGrouping)
    HAL_PWREx_EnableOverDrive                0x08000de1   Thumb Code   100  stm32f7xx_hal_pwr_ex.o(i.HAL_PWREx_EnableOverDrive)
    HAL_PWR_EnableBkUpAccess                 0x08000e4d   Thumb Code    12  stm32f7xx_hal_pwr.o(i.HAL_PWR_EnableBkUpAccess)
    HAL_RCCEx_PeriphCLKConfig                0x08000e5d   Thumb Code  1336  stm32f7xx_hal_rcc_ex.o(i.HAL_RCCEx_PeriphCLKConfig)
    HAL_RCC_ClockConfig                      0x08001399   Thumb Code   284  stm32f7xx_hal_rcc.o(i.HAL_RCC_ClockConfig)
    HAL_RCC_GetPCLK1Freq                     0x080014c9   Thumb Code    20  stm32f7xx_hal_rcc.o(i.HAL_RCC_GetPCLK1Freq)
    HAL_RCC_GetPCLK2Freq                     0x080014e9   Thumb Code    20  stm32f7xx_hal_rcc.o(i.HAL_RCC_GetPCLK2Freq)
    HAL_RCC_GetSysClockFreq                  0x08001509   Thumb Code    88  stm32f7xx_hal_rcc.o(i.HAL_RCC_GetSysClockFreq)
    HAL_RCC_OscConfig                        0x0800156d   Thumb Code   906  stm32f7xx_hal_rcc.o(i.HAL_RCC_OscConfig)
    HAL_SPI_Init                             0x08001905   Thumb Code   242  stm32f7xx_hal_spi.o(i.HAL_SPI_Init)
    HAL_SPI_MspInit                          0x080019f9   Thumb Code   150  spi.o(i.HAL_SPI_MspInit)
    HAL_SPI_Receive                          0x08001aa5   Thumb Code   386  stm32f7xx_hal_spi.o(i.HAL_SPI_Receive)
    HAL_SPI_Transmit                         0x08001c27   Thumb Code   396  stm32f7xx_hal_spi.o(i.HAL_SPI_Transmit)
    HAL_SPI_TransmitReceive                  0x08001db3   Thumb Code   626  stm32f7xx_hal_spi.o(i.HAL_SPI_TransmitReceive)
    HAL_SYSTICK_Config                       0x08002025   Thumb Code    38  stm32f7xx_hal_cortex.o(i.HAL_SYSTICK_Config)
    HAL_TIMEx_Break2Callback                 0x0800204b   Thumb Code     2  stm32f7xx_hal_tim_ex.o(i.HAL_TIMEx_Break2Callback)
    HAL_TIMEx_BreakCallback                  0x0800204d   Thumb Code     2  stm32f7xx_hal_tim_ex.o(i.HAL_TIMEx_BreakCallback)
    HAL_TIMEx_CommutCallback                 0x0800204f   Thumb Code     2  stm32f7xx_hal_tim_ex.o(i.HAL_TIMEx_CommutCallback)
    HAL_TIMEx_MasterConfigSynchronization    0x08002051   Thumb Code   134  stm32f7xx_hal_tim_ex.o(i.HAL_TIMEx_MasterConfigSynchronization)
    HAL_TIM_Base_Init                        0x080020f5   Thumb Code    98  stm32f7xx_hal_tim.o(i.HAL_TIM_Base_Init)
    HAL_TIM_Base_MspInit                     0x08002159   Thumb Code    86  tim.o(i.HAL_TIM_Base_MspInit)
    HAL_TIM_Base_Start_IT                    0x080021b9   Thumb Code   106  stm32f7xx_hal_tim.o(i.HAL_TIM_Base_Start_IT)
    HAL_TIM_ConfigClockSource                0x08002245   Thumb Code   220  stm32f7xx_hal_tim.o(i.HAL_TIM_ConfigClockSource)
    HAL_TIM_IC_CaptureCallback               0x08002325   Thumb Code     2  stm32f7xx_hal_tim.o(i.HAL_TIM_IC_CaptureCallback)
    HAL_TIM_IRQHandler                       0x08002327   Thumb Code   328  stm32f7xx_hal_tim.o(i.HAL_TIM_IRQHandler)
    HAL_TIM_OC_DelayElapsedCallback          0x0800246f   Thumb Code     2  stm32f7xx_hal_tim.o(i.HAL_TIM_OC_DelayElapsedCallback)
    HAL_TIM_PWM_PulseFinishedCallback        0x08002471   Thumb Code     2  stm32f7xx_hal_tim.o(i.HAL_TIM_PWM_PulseFinishedCallback)
    HAL_TIM_PeriodElapsedCallback            0x08002475   Thumb Code   280  tim.o(i.HAL_TIM_PeriodElapsedCallback)
    HAL_TIM_TriggerCallback                  0x080025b9   Thumb Code     2  stm32f7xx_hal_tim.o(i.HAL_TIM_TriggerCallback)
    HAL_UARTEx_ReceiveToIdle_DMA             0x080025bb   Thumb Code    74  stm32f7xx_hal_uart_ex.o(i.HAL_UARTEx_ReceiveToIdle_DMA)
    HAL_UARTEx_ReceiveToIdle_IT              0x08002605   Thumb Code    78  stm32f7xx_hal_uart_ex.o(i.HAL_UARTEx_ReceiveToIdle_IT)
    HAL_UARTEx_RxEventCallback               0x08002655   Thumb Code   136  usart.o(i.HAL_UARTEx_RxEventCallback)
    HAL_UARTEx_WakeupCallback                0x08002715   Thumb Code     2  stm32f7xx_hal_uart.o(i.HAL_UARTEx_WakeupCallback)
    HAL_UART_ErrorCallback                   0x08002717   Thumb Code     2  stm32f7xx_hal_uart.o(i.HAL_UART_ErrorCallback)
    HAL_UART_IRQHandler                      0x08002719   Thumb Code   700  stm32f7xx_hal_uart.o(i.HAL_UART_IRQHandler)
    HAL_UART_Init                            0x080029dd   Thumb Code   102  stm32f7xx_hal_uart.o(i.HAL_UART_Init)
    HAL_UART_MspInit                         0x08002a45   Thumb Code  1362  usart.o(i.HAL_UART_MspInit)
    HAL_UART_RxCpltCallback                  0x08002fad   Thumb Code     2  stm32f7xx_hal_uart.o(i.HAL_UART_RxCpltCallback)
    HAL_UART_RxHalfCpltCallback              0x08002faf   Thumb Code     2  stm32f7xx_hal_uart.o(i.HAL_UART_RxHalfCpltCallback)
    HAL_UART_Transmit                        0x08002fb1   Thumb Code   166  stm32f7xx_hal_uart.o(i.HAL_UART_Transmit)
    HAL_UART_Transmit_DMA                    0x08003059   Thumb Code   126  stm32f7xx_hal_uart.o(i.HAL_UART_Transmit_DMA)
    HAL_UART_Transmit_IT                     0x080030e5   Thumb Code    84  stm32f7xx_hal_uart.o(i.HAL_UART_Transmit_IT)
    HAL_UART_TxCpltCallback                  0x08003141   Thumb Code     2  stm32f7xx_hal_uart.o(i.HAL_UART_TxCpltCallback)
    HAL_UART_TxHalfCpltCallback              0x08003143   Thumb Code     2  stm32f7xx_hal_uart.o(i.HAL_UART_TxHalfCpltCallback)
    HardFault_Handler                        0x08003145   Thumb Code     2  stm32f7xx_it.o(i.HardFault_Handler)
    MX_DMA_Init                              0x08003149   Thumb Code   216  dma.o(i.MX_DMA_Init)
    MX_GPIO_Init                             0x08003225   Thumb Code   750  gpio.o(i.MX_GPIO_Init)
    MX_SPI2_Init                             0x0800353d   Thumb Code    68  spi.o(i.MX_SPI2_Init)
    MX_TIM2_Init                             0x08003589   Thumb Code    98  tim.o(i.MX_TIM2_Init)
    MX_TIM3_Init                             0x080035f1   Thumb Code    96  tim.o(i.MX_TIM3_Init)
    MX_UART4_Init                            0x08003659   Thumb Code    52  usart.o(i.MX_UART4_Init)
    MX_UART8_Init                            0x08003695   Thumb Code    52  usart.o(i.MX_UART8_Init)
    MX_USART1_UART_Init                      0x080036d1   Thumb Code    52  usart.o(i.MX_USART1_UART_Init)
    MX_USART2_UART_Init                      0x0800370d   Thumb Code    76  usart.o(i.MX_USART2_UART_Init)
    MX_USART3_UART_Init                      0x08003765   Thumb Code    52  usart.o(i.MX_USART3_UART_Init)
    MX_USART6_UART_Init                      0x080037a1   Thumb Code    74  usart.o(i.MX_USART6_UART_Init)
    MemManage_Handler                        0x080037f9   Thumb Code     2  stm32f7xx_it.o(i.MemManage_Handler)
    ModbusCRC16                              0x080037fd   Thumb Code    38  modbuscrc.o(i.ModbusCRC16)
    Motor_Control                            0x08003829   Thumb Code   870  gpio.o(i.Motor_Control)
    NMI_Handler                              0x08003bb5   Thumb Code     2  stm32f7xx_it.o(i.NMI_Handler)
    NibbleToHex                              0x08003bb7   Thumb Code    16  dhcp.o(i.NibbleToHex)
    PendSV_Handler                           0x08003bc7   Thumb Code     2  stm32f7xx_it.o(i.PendSV_Handler)
    RS4851_SendBuf                           0x08003bc9   Thumb Code    92  usart.o(i.RS4851_SendBuf)
    RS4852_SendBuf                           0x08003c2d   Thumb Code   100  usart.o(i.RS4852_SendBuf)
    Read_All_DI_States                       0x08003ca9   Thumb Code   496  tim.o(i.Read_All_DI_States)
    SG_SetAllAngle                           0x08003eb9   Thumb Code    26  usart.o(i.SG_SetAllAngle)
    SG_SetAngle                              0x08003ed9   Thumb Code    12  usart.o(i.SG_SetAngle)
    SG_init                                  0x08003ee9   Thumb Code    86  usart.o(i.SG_init)
    SVC_Handler                              0x08004209   Thumb Code     2  stm32f7xx_it.o(i.SVC_Handler)
    SysTick_Handler                          0x0800420b   Thumb Code     4  stm32f7xx_it.o(i.SysTick_Handler)
    SystemClock_Config                       0x08004211   Thumb Code   156  main.o(i.SystemClock_Config)
    SystemInit                               0x080042b5   Thumb Code    12  system_stm32f7xx.o(i.SystemInit)
    TIM2_IRQHandler                          0x080042c5   Thumb Code     6  stm32f7xx_it.o(i.TIM2_IRQHandler)
    TIM3_IRQHandler                          0x080042d1   Thumb Code     6  stm32f7xx_it.o(i.TIM3_IRQHandler)
    TIM_Base_SetConfig                       0x080042dd   Thumb Code   166  stm32f7xx_hal_tim.o(i.TIM_Base_SetConfig)
    TIM_ETR_SetConfig                        0x080043b1   Thumb Code    18  stm32f7xx_hal_tim.o(i.TIM_ETR_SetConfig)
    UART4_IRQHandler                         0x08004419   Thumb Code     6  stm32f7xx_it.o(i.UART4_IRQHandler)
    UART8_IRQHandler                         0x08004425   Thumb Code     6  stm32f7xx_it.o(i.UART8_IRQHandler)
    UART_AdvFeatureConfig                    0x08004431   Thumb Code   200  stm32f7xx_hal_uart.o(i.UART_AdvFeatureConfig)
    UART_CheckIdleState                      0x080044f9   Thumb Code   166  stm32f7xx_hal_uart.o(i.UART_CheckIdleState)
    UART_SetConfig                           0x08004901   Thumb Code   516  stm32f7xx_hal_uart.o(i.UART_SetConfig)
    UART_Start_Receive_DMA                   0x08004b31   Thumb Code   146  stm32f7xx_hal_uart.o(i.UART_Start_Receive_DMA)
    UART_Start_Receive_IT                    0x08004bd1   Thumb Code   174  stm32f7xx_hal_uart.o(i.UART_Start_Receive_IT)
    UART_WaitOnFlagUntilTimeout              0x08004d25   Thumb Code   148  stm32f7xx_hal_uart.o(i.UART_WaitOnFlagUntilTimeout)
    USART1_IRQHandler                        0x08004db9   Thumb Code     6  stm32f7xx_it.o(i.USART1_IRQHandler)
    USART2_IRQHandler                        0x08004dc5   Thumb Code     6  stm32f7xx_it.o(i.USART2_IRQHandler)
    USART3_IRQHandler                        0x08004dd1   Thumb Code     6  stm32f7xx_it.o(i.USART3_IRQHandler)
    USART6_IRQHandler                        0x08004ddd   Thumb Code     6  stm32f7xx_it.o(i.USART6_IRQHandler)
    UsageFault_Handler                       0x08004de9   Thumb Code     2  stm32f7xx_it.o(i.UsageFault_Handler)
    WIZCHIP_READ                             0x08004ded   Thumb Code    84  w5500.o(i.WIZCHIP_READ)
    WIZCHIP_READ_BUF                         0x08004e45   Thumb Code   112  w5500.o(i.WIZCHIP_READ_BUF)
    WIZCHIP_WRITE                            0x08004eb9   Thumb Code    90  w5500.o(i.WIZCHIP_WRITE)
    WIZCHIP_WRITE_BUF                        0x08004f19   Thumb Code   108  w5500.o(i.WIZCHIP_WRITE_BUF)
    Wheel_In                                 0x08004f89   Thumb Code    18  usart.o(i.Wheel_In)
    Wheel_Out                                0x08004fa1   Thumb Code    18  usart.o(i.Wheel_Out)
    __0printf$8                              0x08004fb9   Thumb Code    22  printf8.o(i.__0printf$8)
    __1printf$8                              0x08004fb9   Thumb Code     0  printf8.o(i.__0printf$8)
    __2printf                                0x08004fb9   Thumb Code     0  printf8.o(i.__0printf$8)
    __scatterload_copy                       0x08004ffb   Thumb Code    14  handlers.o(i.__scatterload_copy)
    __scatterload_null                       0x08005009   Thumb Code     2  handlers.o(i.__scatterload_null)
    __scatterload_zeroinit                   0x0800500b   Thumb Code    14  handlers.o(i.__scatterload_zeroinit)
    check_DHCP_leasedIP                      0x08005471   Thumb Code    78  dhcp.o(i.check_DHCP_leasedIP)
    check_DHCP_timeout                       0x080054d9   Thumb Code   106  dhcp.o(i.check_DHCP_timeout)
    close                                    0x08005549   Thumb Code   108  socket.o(i.close)
    ctlwizchip                               0x080055bd   Thumb Code   230  wizchip_conf.o(i.ctlwizchip)
    default_ip_assign                        0x080056a9   Thumb Code    44  dhcp.o(i.default_ip_assign)
    default_ip_conflict                      0x080056d9   Thumb Code    32  dhcp.o(i.default_ip_conflict)
    default_ip_update                        0x080056fd   Thumb Code    36  dhcp.o(i.default_ip_update)
    do_tcp_server                            0x08005725   Thumb Code   138  loopback.o(i.do_tcp_server)
    fputc                                    0x080057b1   Thumb Code    20  wiz_platform.o(i.fputc)
    free                                     0x080057c9   Thumb Code    76  malloc.o(i.free)
    getDNSfromDHCP                           0x08005819   Thumb Code    20  dhcp.o(i.getDNSfromDHCP)
    getGWfromDHCP                            0x08005831   Thumb Code    20  dhcp.o(i.getGWfromDHCP)
    getIPfromDHCP                            0x08005849   Thumb Code    20  dhcp.o(i.getIPfromDHCP)
    getSNfromDHCP                            0x08005861   Thumb Code    20  dhcp.o(i.getSNfromDHCP)
    getSn_RX_RSR                             0x08005879   Thumb Code    76  w5500.o(i.getSn_RX_RSR)
    getSn_TX_FSR                             0x080058c5   Thumb Code    76  w5500.o(i.getSn_TX_FSR)
    listen                                   0x08005911   Thumb Code   112  socket.o(i.listen)
    main                                     0x08005981   Thumb Code   178  main.o(i.main)
    makeDHCPMSG                              0x08005a61   Thumb Code   208  dhcp.o(i.makeDHCPMSG)
    malloc                                   0x08005b35   Thumb Code    92  malloc.o(i.malloc)
    network_init                             0x08005ba1   Thumb Code    46  wiz_interface.o(i.network_init)
    parseDHCPMSG                             0x08005bd1   Thumb Code   430  dhcp.o(i.parseDHCPMSG)
    parseLora1Cmd                            0x08005d85   Thumb Code   234  usart.o(i.parseLora1Cmd)
    parseRS4851                              0x08005e91   Thumb Code   254  usart.o(i.parseRS4851)
    parseRS4852                              0x08005f95   Thumb Code   168  usart.o(i.parseRS4852)
    parseTCPCmd                              0x08006041   Thumb Code   222  usart.o(i.parseTCPCmd)
    print_network_information                0x08006135   Thumb Code   182  wiz_interface.o(i.print_network_information)
    recv                                     0x080062fd   Thumb Code   224  socket.o(i.recv)
    recvfrom                                 0x080063e1   Thumb Code   528  socket.o(i.recvfrom)
    reg_wizchip_cs_cbfunc                    0x080065f9   Thumb Code    22  wizchip_conf.o(i.reg_wizchip_cs_cbfunc)
    reg_wizchip_spi_cbfunc                   0x0800661d   Thumb Code    30  wizchip_conf.o(i.reg_wizchip_spi_cbfunc)
    reg_wizchip_spiburst_cbfunc              0x08006649   Thumb Code    30  wizchip_conf.o(i.reg_wizchip_spiburst_cbfunc)
    reset_DHCP_timeout                       0x08006675   Thumb Code    14  dhcp.o(i.reset_DHCP_timeout)
    send                                     0x08006689   Thumb Code   278  socket.o(i.send)
    send_DHCP_DECLINE                        0x080067a5   Thumb Code   270  dhcp.o(i.send_DHCP_DECLINE)
    send_DHCP_DISCOVER                       0x080068b9   Thumb Code   470  dhcp.o(i.send_DHCP_DISCOVER)
    send_DHCP_REQUEST                        0x08006a95   Thumb Code   654  dhcp.o(i.send_DHCP_REQUEST)
    sendto                                   0x08006d29   Thumb Code   378  socket.o(i.sendto)
    socket                                   0x08006ea9   Thumb Code   276  socket.o(i.socket)
    wifi_init                                0x08006fc5   Thumb Code    34  user_main.o(i.wifi_init)
    wiz_add_timer                            0x08007011   Thumb Code    60  wiz_interface.o(i.wiz_add_timer)
    wiz_delete_timer                         0x0800706d   Thumb Code    54  wiz_interface.o(i.wiz_delete_timer)
    wiz_phy_link_check                       0x0800716d   Thumb Code    64  wiz_interface.o(i.wiz_phy_link_check)
    wiz_print_phy_info                       0x080071c9   Thumb Code    48  wiz_interface.o(i.wiz_print_phy_info)
    wiz_recv_data                            0x08007255   Thumb Code    96  w5500.o(i.wiz_recv_data)
    wiz_recv_ignore                          0x080072b5   Thumb Code    66  w5500.o(i.wiz_recv_ignore)
    wiz_send_data                            0x080072f7   Thumb Code    96  w5500.o(i.wiz_send_data)
    wiz_tim_irq_enable                       0x08007359   Thumb Code     6  wiz_platform.o(i.wiz_tim_irq_enable)
    wiz_timer_handler                        0x08007365   Thumb Code    42  wiz_interface.o(i.wiz_timer_handler)
    wiz_user_delay_ms                        0x08007395   Thumb Code    14  wiz_interface.o(i.wiz_user_delay_ms)
    wizchip_bus_readdata                     0x080073a9   Thumb Code     4  wizchip_conf.o(i.wizchip_bus_readdata)
    wizchip_bus_writedata                    0x080073ad   Thumb Code     4  wizchip_conf.o(i.wizchip_bus_writedata)
    wizchip_clrinterrupt                     0x080073b1   Thumb Code    58  wizchip_conf.o(i.wizchip_clrinterrupt)
    wizchip_cris_enter                       0x080073eb   Thumb Code     2  wizchip_conf.o(i.wizchip_cris_enter)
    wizchip_cris_exit                        0x080073ed   Thumb Code     2  wizchip_conf.o(i.wizchip_cris_exit)
    wizchip_cs_deselect                      0x080073ef   Thumb Code     2  wizchip_conf.o(i.wizchip_cs_deselect)
    wizchip_cs_select                        0x080073f1   Thumb Code     2  wizchip_conf.o(i.wizchip_cs_select)
    wizchip_deselect                         0x080073f5   Thumb Code    10  wiz_platform.o(i.wizchip_deselect)
    wizchip_getinterrupt                     0x08007405   Thumb Code    30  wizchip_conf.o(i.wizchip_getinterrupt)
    wizchip_getinterruptmask                 0x08007423   Thumb Code    28  wizchip_conf.o(i.wizchip_getinterruptmask)
    wizchip_getnetinfo                       0x08007441   Thumb Code    82  wizchip_conf.o(i.wizchip_getnetinfo)
    wizchip_init                             0x08007499   Thumb Code   122  wizchip_conf.o(i.wizchip_init)
    wizchip_initialize                       0x08007513   Thumb Code    26  wiz_interface.o(i.wizchip_initialize)
    wizchip_read_buff                        0x0800752d   Thumb Code    14  wiz_platform.o(i.wizchip_read_buff)
    wizchip_read_byte                        0x08007541   Thumb Code    22  wiz_platform.o(i.wizchip_read_byte)
    wizchip_reset                            0x0800755d   Thumb Code    58  wiz_platform.o(i.wizchip_reset)
    wizchip_select                           0x0800759d   Thumb Code    12  wiz_platform.o(i.wizchip_select)
    wizchip_setinterruptmask                 0x080075ad   Thumb Code    28  wizchip_conf.o(i.wizchip_setinterruptmask)
    wizchip_setnetinfo                       0x080075c9   Thumb Code    82  wizchip_conf.o(i.wizchip_setnetinfo)
    wizchip_spi_cb_reg                       0x08007621   Thumb Code    30  wiz_platform.o(i.wizchip_spi_cb_reg)
    wizchip_spi_readburst                    0x08007659   Thumb Code     2  wizchip_conf.o(i.wizchip_spi_readburst)
    wizchip_spi_readbyte                     0x0800765b   Thumb Code     4  wizchip_conf.o(i.wizchip_spi_readbyte)
    wizchip_spi_writeburst                   0x0800765f   Thumb Code     2  wizchip_conf.o(i.wizchip_spi_writeburst)
    wizchip_spi_writebyte                    0x08007661   Thumb Code     2  wizchip_conf.o(i.wizchip_spi_writebyte)
    wizchip_sw_reset                         0x08007663   Thumb Code   116  wizchip_conf.o(i.wizchip_sw_reset)
    wizchip_version_check                    0x080076d9   Thumb Code    58  wiz_interface.o(i.wizchip_version_check)
    wizchip_write_buff                       0x08007719   Thumb Code    14  wiz_platform.o(i.wizchip_write_buff)
    wizchip_write_byte                       0x0800772d   Thumb Code    18  wiz_platform.o(i.wizchip_write_byte)
    wizphy_getphyconf                        0x08007745   Thumb Code    78  wizchip_conf.o(i.wizphy_getphyconf)
    wizphy_getphylink                        0x08007793   Thumb Code    22  wizchip_conf.o(i.wizphy_getphylink)
    wizphy_getphypmode                       0x080077a9   Thumb Code    26  wizchip_conf.o(i.wizphy_getphypmode)
    wizphy_reset                             0x080077c3   Thumb Code    42  wizchip_conf.o(i.wizphy_reset)
    wizphy_setphyconf                        0x080077ed   Thumb Code    74  wizchip_conf.o(i.wizphy_setphyconf)
    wizphy_setphypmode                       0x08007837   Thumb Code    80  wizchip_conf.o(i.wizphy_setphypmode)
    crcTableHigh                             0x08007886   Data         256  modbuscrc.o(.constdata)
    crcTableLow                              0x08007986   Data         256  modbuscrc.o(.constdata)
    AHBPrescTable                            0x08007a8e   Data          16  system_stm32f7xx.o(.constdata)
    APBPrescTable                            0x08007a9e   Data           8  system_stm32f7xx.o(.constdata)
    Region$$Table$$Base                      0x08007bc4   Number         0  anon$$obj.o(Region$$Table)
    Region$$Table$$Limit                     0x08007be4   Number         0  anon$$obj.o(Region$$Table)
    HeartPulse                               0x20000000   Data          13  main.o(.data)
    HeightCmd                                0x2000000d   Data           8  main.o(.data)
    LcaCmd                                   0x20000015   Data           8  main.o(.data)
    Height20Cmd                              0x2000001d   Data           8  main.o(.data)
    Height21Cmd                              0x20000025   Data           8  main.o(.data)
    Height22Cmd                              0x2000002d   Data           8  main.o(.data)
    Height23Cmd                              0x20000035   Data           8  main.o(.data)
    PressureSensorCmd                        0x2000003d   Data           8  main.o(.data)
    TakePressureSensorCmd                    0x20000045   Data           8  main.o(.data)
    TakePressureSensorSetZeroCmd             0x2000004d   Data           8  main.o(.data)
    AngleSV                                  0x20000055   Data          24  main.o(.data)
    CommMode                                 0x2000006d   Data           1  main.o(.data)
    timerCount                               0x20000070   Data           1  tim.o(.data)
    systemState                              0x20000071   Data           1  tim.o(.data)
    isCalibrationRequested                   0x20000072   Data           1  tim.o(.data)
    isWeightSetZeroRequested                 0x20000073   Data           1  tim.o(.data)
    calibrationStartTime                     0x20000074   Data           4  tim.o(.data)
    cdm1                                     0x20000078   Data           8  tim.o(.data)
    cdm2                                     0x20000080   Data           8  tim.o(.data)
    recv_length                              0x20000088   Data           2  tim.o(.data)
    uwTickFreq                               0x2000008c   Data           1  stm32f7xx_hal.o(.data)
    uwTickPrio                               0x20000090   Data           4  stm32f7xx_hal.o(.data)
    uwTick                                   0x20000094   Data           4  stm32f7xx_hal.o(.data)
    SystemCoreClock                          0x20000098   Data           4  system_stm32f7xx.o(.data)
    sock_pack_info                           0x200000a2   Data           8  socket.o(.data)
    WIZCHIP                                  0x200000b4   Data          44  wizchip_conf.o(.data)
    dhcp_state                               0x200000e0   Data           1  dhcp.o(.data)
    dhcp_retry_count                         0x200000e1   Data           1  dhcp.o(.data)
    DHCP_SOCKET                              0x200000e2   Data           1  dhcp.o(.data)
    OLD_allocated_ip                         0x200000e3   Data           4  dhcp.o(.data)
    DHCP_allocated_ip                        0x200000e7   Data           4  dhcp.o(.data)
    DHCP_allocated_gw                        0x200000eb   Data           4  dhcp.o(.data)
    DHCP_allocated_sn                        0x200000ef   Data           4  dhcp.o(.data)
    DHCP_allocated_dns                       0x200000f3   Data           4  dhcp.o(.data)
    dhcp_lease_time                          0x200000f8   Data           4  dhcp.o(.data)
    dhcp_tick_1s                             0x200000fc   Data           4  dhcp.o(.data)
    dhcp_tick_next                           0x20000100   Data           4  dhcp.o(.data)
    dhcp_ip_assign                           0x20000104   Data           4  dhcp.o(.data)
    dhcp_ip_update                           0x20000108   Data           4  dhcp.o(.data)
    dhcp_ip_conflict                         0x2000010c   Data           4  dhcp.o(.data)
    DHCP_SIP                                 0x20000110   Data           4  dhcp.o(.data)
    DHCP_REAL_SIP                            0x20000114   Data           4  dhcp.o(.data)
    DHCP_XID                                 0x20000118   Data           4  dhcp.o(.data)
    pDHCPMSG                                 0x2000011c   Data           4  dhcp.o(.data)
    DHCP_CHADDR                              0x20000120   Data           6  dhcp.o(.data)
    HOST_NAME                                0x20000126   Data           8  dhcp.o(.data)
    default_net_info                         0x2000012e   Data          23  user_main.o(.data)
    local_port                               0x20000146   Data           2  user_main.o(.data)
    wiz_timer_head                           0x20000148   Data           4  wiz_interface.o(.data)
    wiz_delay_ms_count                       0x2000014c   Data           4  wiz_interface.o(.data)
    __stdout                                 0x20000150   Data           4  stdout.o(.data)
    __microlib_freelist                      0x20000154   Data           4  mvars.o(.data)
    __microlib_freelist_initialised          0x20000158   Data           4  mvars.o(.data)
    Lora1_Redata                             0x2000015c   Data          50  main.o(.bss)
    Lora2_Redata                             0x2000018e   Data          50  main.o(.bss)
    RS4851_Redata                            0x200001c0   Data          80  main.o(.bss)
    RS4852_Redata                            0x20000210   Data          80  main.o(.bss)
    Usart1_Redata                            0x20000260   Data          36  main.o(.bss)
    Send_data                                0x20000284   Data          38  main.o(.bss)
    tcp_buff                                 0x200002aa   Data         512  main.o(.bss)
    hspi2                                    0x200004ac   Data         100  spi.o(.bss)
    htim2                                    0x20000510   Data          76  tim.o(.bss)
    htim3                                    0x2000055c   Data          76  tim.o(.bss)
    recv_cmd                                 0x200005a8   Data          50  tim.o(.bss)
    huart4                                   0x200005dc   Data         136  usart.o(.bss)
    huart8                                   0x20000664   Data         136  usart.o(.bss)
    huart1                                   0x200006ec   Data         136  usart.o(.bss)
    huart2                                   0x20000774   Data         136  usart.o(.bss)
    huart3                                   0x200007fc   Data         136  usart.o(.bss)
    huart6                                   0x20000884   Data         136  usart.o(.bss)
    hdma_uart4_rx                            0x2000090c   Data          96  usart.o(.bss)
    hdma_uart4_tx                            0x2000096c   Data          96  usart.o(.bss)
    hdma_uart8_tx                            0x200009cc   Data          96  usart.o(.bss)
    hdma_usart1_rx                           0x20000a2c   Data          96  usart.o(.bss)
    hdma_usart1_tx                           0x20000a8c   Data          96  usart.o(.bss)
    hdma_usart2_rx                           0x20000aec   Data          96  usart.o(.bss)
    hdma_usart2_tx                           0x20000b4c   Data          96  usart.o(.bss)
    hdma_usart3_rx                           0x20000bac   Data          96  usart.o(.bss)
    hdma_usart3_tx                           0x20000c0c   Data          96  usart.o(.bss)
    hdma_usart6_rx                           0x20000c6c   Data          96  usart.o(.bss)
    hdma_usart6_tx                           0x20000ccc   Data          96  usart.o(.bss)
    ethernet_buf                             0x20000d3c   Data        2048  user_main.o(.bss)
    __heap_base                              0x20001540   Data           0  startup_stm32f767xx.o(HEAP)
    __heap_limit                             0x20001740   Data           0  startup_stm32f767xx.o(HEAP)
    __initial_sp                             0x20001b40   Data           0  startup_stm32f767xx.o(STACK)



==============================================================================

Memory Map of the image

  Image Entry point : 0x080001f9

  Load Region LR_IROM1 (Base: 0x08000000, Size: 0x00007d40, Max: 0x00100000, ABSOLUTE, COMPRESSED[0x00007ca4])

    Execution Region ER_IROM1 (Exec base: 0x08000000, Load base: 0x08000000, Size: 0x00007be4, Max: 0x00100000, ABSOLUTE)

    Exec Addr    Load Addr    Size         Type   Attr      Idx    E Section Name        Object

    0x08000000   0x08000000   0x000001f8   Data   RO            3    RESET               startup_stm32f767xx.o
    0x080001f8   0x080001f8   0x00000000   Code   RO         5206  * .ARM.Collect$$$$00000000  mc_w.l(entry.o)
    0x080001f8   0x080001f8   0x00000004   Code   RO         5502    .ARM.Collect$$$$00000001  mc_w.l(entry2.o)
    0x080001fc   0x080001fc   0x00000004   Code   RO         5505    .ARM.Collect$$$$00000004  mc_w.l(entry5.o)
    0x08000200   0x08000200   0x00000000   Code   RO         5507    .ARM.Collect$$$$00000008  mc_w.l(entry7b.o)
    0x08000200   0x08000200   0x00000000   Code   RO         5509    .ARM.Collect$$$$0000000A  mc_w.l(entry8b.o)
    0x08000200   0x08000200   0x00000008   Code   RO         5510    .ARM.Collect$$$$0000000B  mc_w.l(entry9a.o)
    0x08000208   0x08000208   0x00000004   Code   RO         5517    .ARM.Collect$$$$0000000E  mc_w.l(entry12b.o)
    0x0800020c   0x0800020c   0x00000000   Code   RO         5512    .ARM.Collect$$$$0000000F  mc_w.l(entry10a.o)
    0x0800020c   0x0800020c   0x00000000   Code   RO         5514    .ARM.Collect$$$$00000011  mc_w.l(entry11a.o)
    0x0800020c   0x0800020c   0x00000004   Code   RO         5503    .ARM.Collect$$$$00002712  mc_w.l(entry2.o)
    0x08000210   0x08000210   0x00000024   Code   RO            4    .text               startup_stm32f767xx.o
    0x08000234   0x08000234   0x00000062   Code   RO         5209    .text               mc_w.l(uldiv.o)
    0x08000296   0x08000296   0x00000024   Code   RO         5211    .text               mc_w.l(memseta.o)
    0x080002ba   0x080002ba   0x0000001e   Code   RO         5521    .text               mc_w.l(llshl.o)
    0x080002d8   0x080002d8   0x00000020   Code   RO         5523    .text               mc_w.l(llushr.o)
    0x080002f8   0x080002f8   0x00000024   Code   RO         5542    .text               mc_w.l(init.o)
    0x0800031c   0x0800031c   0x00000056   Code   RO         5556    .text               mc_w.l(__dczerorl2.o)
    0x08000372   0x08000372   0x00000002   Code   RO          630    i.BusFault_Handler  stm32f7xx_it.o
    0x08000374   0x08000374   0x00000010   Code   RO          420    i.Cover_Close       usart.o
    0x08000384   0x08000384   0x00000010   Code   RO          421    i.Cover_Open        usart.o
    0x08000394   0x08000394   0x0000009c   Code   RO         4803    i.DHCP_init         dhcp.o
    0x08000430   0x08000430   0x00000128   Code   RO         4804    i.DHCP_run          dhcp.o
    0x08000558   0x08000558   0x00000014   Code   RO         4805    i.DHCP_stop         dhcp.o
    0x0800056c   0x0800056c   0x00000010   Code   RO         4806    i.DHCP_time_handler  dhcp.o
    0x0800057c   0x0800057c   0x0000000c   Code   RO          631    i.DMA1_Stream0_IRQHandler  stm32f7xx_it.o
    0x08000588   0x08000588   0x0000000c   Code   RO          632    i.DMA1_Stream1_IRQHandler  stm32f7xx_it.o
    0x08000594   0x08000594   0x0000000c   Code   RO          633    i.DMA1_Stream2_IRQHandler  stm32f7xx_it.o
    0x080005a0   0x080005a0   0x0000000c   Code   RO          634    i.DMA1_Stream3_IRQHandler  stm32f7xx_it.o
    0x080005ac   0x080005ac   0x0000000c   Code   RO          635    i.DMA1_Stream4_IRQHandler  stm32f7xx_it.o
    0x080005b8   0x080005b8   0x0000000c   Code   RO          636    i.DMA1_Stream5_IRQHandler  stm32f7xx_it.o
    0x080005c4   0x080005c4   0x0000000c   Code   RO          637    i.DMA1_Stream6_IRQHandler  stm32f7xx_it.o
    0x080005d0   0x080005d0   0x0000000c   Code   RO          638    i.DMA2_Stream1_IRQHandler  stm32f7xx_it.o
    0x080005dc   0x080005dc   0x0000000c   Code   RO          639    i.DMA2_Stream2_IRQHandler  stm32f7xx_it.o
    0x080005e8   0x080005e8   0x0000000c   Code   RO          640    i.DMA2_Stream6_IRQHandler  stm32f7xx_it.o
    0x080005f4   0x080005f4   0x0000000c   Code   RO          641    i.DMA2_Stream7_IRQHandler  stm32f7xx_it.o
    0x08000600   0x08000600   0x00000028   Code   RO         1752    i.DMA_CalcBaseAndBitshift  stm32f7xx_hal_dma.o
    0x08000628   0x08000628   0x00000054   Code   RO         1753    i.DMA_CheckFifoParam  stm32f7xx_hal_dma.o
    0x0800067c   0x0800067c   0x00000028   Code   RO         1754    i.DMA_SetConfig     stm32f7xx_hal_dma.o
    0x080006a4   0x080006a4   0x00000002   Code   RO          642    i.DebugMon_Handler  stm32f7xx_it.o
    0x080006a6   0x080006a6   0x00000004   Code   RO           32    i.Error_Handler     main.o
    0x080006aa   0x080006aa   0x00000092   Code   RO         1755    i.HAL_DMA_Abort     stm32f7xx_hal_dma.o
    0x0800073c   0x0800073c   0x00000024   Code   RO         1756    i.HAL_DMA_Abort_IT  stm32f7xx_hal_dma.o
    0x08000760   0x08000760   0x000001a0   Code   RO         1760    i.HAL_DMA_IRQHandler  stm32f7xx_hal_dma.o
    0x08000900   0x08000900   0x000000e4   Code   RO         1761    i.HAL_DMA_Init      stm32f7xx_hal_dma.o
    0x080009e4   0x080009e4   0x0000007a   Code   RO         1765    i.HAL_DMA_Start_IT  stm32f7xx_hal_dma.o
    0x08000a5e   0x08000a5e   0x00000002   PAD
    0x08000a60   0x08000a60   0x00000248   Code   RO         1689    i.HAL_GPIO_Init     stm32f7xx_hal_gpio.o
    0x08000ca8   0x08000ca8   0x0000000a   Code   RO         1691    i.HAL_GPIO_ReadPin  stm32f7xx_hal_gpio.o
    0x08000cb2   0x08000cb2   0x0000000a   Code   RO         1693    i.HAL_GPIO_WritePin  stm32f7xx_hal_gpio.o
    0x08000cbc   0x08000cbc   0x0000000c   Code   RO         2132    i.HAL_GetTick       stm32f7xx_hal.o
    0x08000cc8   0x08000cc8   0x00000010   Code   RO         2138    i.HAL_IncTick       stm32f7xx_hal.o
    0x08000cd8   0x08000cd8   0x00000016   Code   RO         2139    i.HAL_Init          stm32f7xx_hal.o
    0x08000cee   0x08000cee   0x00000002   PAD
    0x08000cf0   0x08000cf0   0x00000040   Code   RO         2140    i.HAL_InitTick      stm32f7xx_hal.o
    0x08000d30   0x08000d30   0x00000030   Code   RO          820    i.HAL_MspInit       stm32f7xx_hal_msp.o
    0x08000d60   0x08000d60   0x0000001a   Code   RO          851    i.HAL_NVIC_EnableIRQ  stm32f7xx_hal_cortex.o
    0x08000d7a   0x08000d7a   0x00000002   PAD
    0x08000d7c   0x08000d7c   0x00000040   Code   RO          857    i.HAL_NVIC_SetPriority  stm32f7xx_hal_cortex.o
    0x08000dbc   0x08000dbc   0x00000024   Code   RO          858    i.HAL_NVIC_SetPriorityGrouping  stm32f7xx_hal_cortex.o
    0x08000de0   0x08000de0   0x0000006c   Code   RO         2029    i.HAL_PWREx_EnableOverDrive  stm32f7xx_hal_pwr_ex.o
    0x08000e4c   0x08000e4c   0x00000010   Code   RO         1906    i.HAL_PWR_EnableBkUpAccess  stm32f7xx_hal_pwr.o
    0x08000e5c   0x08000e5c   0x0000053c   Code   RO         1450    i.HAL_RCCEx_PeriphCLKConfig  stm32f7xx_hal_rcc_ex.o
    0x08001398   0x08001398   0x00000130   Code   RO         1343    i.HAL_RCC_ClockConfig  stm32f7xx_hal_rcc.o
    0x080014c8   0x080014c8   0x00000020   Code   RO         1350    i.HAL_RCC_GetPCLK1Freq  stm32f7xx_hal_rcc.o
    0x080014e8   0x080014e8   0x00000020   Code   RO         1351    i.HAL_RCC_GetPCLK2Freq  stm32f7xx_hal_rcc.o
    0x08001508   0x08001508   0x00000064   Code   RO         1352    i.HAL_RCC_GetSysClockFreq  stm32f7xx_hal_rcc.o
    0x0800156c   0x0800156c   0x00000398   Code   RO         1355    i.HAL_RCC_OscConfig  stm32f7xx_hal_rcc.o
    0x08001904   0x08001904   0x000000f2   Code   RO         1002    i.HAL_SPI_Init      stm32f7xx_hal_spi.o
    0x080019f6   0x080019f6   0x00000002   PAD
    0x080019f8   0x080019f8   0x000000ac   Code   RO          303    i.HAL_SPI_MspInit   spi.o
    0x08001aa4   0x08001aa4   0x00000182   Code   RO         1005    i.HAL_SPI_Receive   stm32f7xx_hal_spi.o
    0x08001c26   0x08001c26   0x0000018c   Code   RO         1010    i.HAL_SPI_Transmit  stm32f7xx_hal_spi.o
    0x08001db2   0x08001db2   0x00000272   Code   RO         1011    i.HAL_SPI_TransmitReceive  stm32f7xx_hal_spi.o
    0x08002024   0x08002024   0x00000026   Code   RO          862    i.HAL_SYSTICK_Config  stm32f7xx_hal_cortex.o
    0x0800204a   0x0800204a   0x00000002   Code   RO         3627    i.HAL_TIMEx_Break2Callback  stm32f7xx_hal_tim_ex.o
    0x0800204c   0x0800204c   0x00000002   Code   RO         3628    i.HAL_TIMEx_BreakCallback  stm32f7xx_hal_tim_ex.o
    0x0800204e   0x0800204e   0x00000002   Code   RO         3629    i.HAL_TIMEx_CommutCallback  stm32f7xx_hal_tim_ex.o
    0x08002050   0x08002050   0x000000a4   Code   RO         3649    i.HAL_TIMEx_MasterConfigSynchronization  stm32f7xx_hal_tim_ex.o
    0x080020f4   0x080020f4   0x00000062   Code   RO         2913    i.HAL_TIM_Base_Init  stm32f7xx_hal_tim.o
    0x08002156   0x08002156   0x00000002   PAD
    0x08002158   0x08002158   0x00000060   Code   RO          345    i.HAL_TIM_Base_MspInit  tim.o
    0x080021b8   0x080021b8   0x0000008c   Code   RO         2918    i.HAL_TIM_Base_Start_IT  stm32f7xx_hal_tim.o
    0x08002244   0x08002244   0x000000e0   Code   RO         2922    i.HAL_TIM_ConfigClockSource  stm32f7xx_hal_tim.o
    0x08002324   0x08002324   0x00000002   Code   RO         2947    i.HAL_TIM_IC_CaptureCallback  stm32f7xx_hal_tim.o
    0x08002326   0x08002326   0x00000148   Code   RO         2961    i.HAL_TIM_IRQHandler  stm32f7xx_hal_tim.o
    0x0800246e   0x0800246e   0x00000002   Code   RO         2964    i.HAL_TIM_OC_DelayElapsedCallback  stm32f7xx_hal_tim.o
    0x08002470   0x08002470   0x00000002   Code   RO         2991    i.HAL_TIM_PWM_PulseFinishedCallback  stm32f7xx_hal_tim.o
    0x08002472   0x08002472   0x00000002   PAD
    0x08002474   0x08002474   0x00000144   Code   RO          346    i.HAL_TIM_PeriodElapsedCallback  tim.o
    0x080025b8   0x080025b8   0x00000002   Code   RO         3004    i.HAL_TIM_TriggerCallback  stm32f7xx_hal_tim.o
    0x080025ba   0x080025ba   0x0000004a   Code   RO         4318    i.HAL_UARTEx_ReceiveToIdle_DMA  stm32f7xx_hal_uart_ex.o
    0x08002604   0x08002604   0x0000004e   Code   RO         4319    i.HAL_UARTEx_ReceiveToIdle_IT  stm32f7xx_hal_uart_ex.o
    0x08002652   0x08002652   0x00000002   PAD
    0x08002654   0x08002654   0x000000c0   Code   RO          422    i.HAL_UARTEx_RxEventCallback  usart.o
    0x08002714   0x08002714   0x00000002   Code   RO         3922    i.HAL_UARTEx_WakeupCallback  stm32f7xx_hal_uart.o
    0x08002716   0x08002716   0x00000002   Code   RO         3938    i.HAL_UART_ErrorCallback  stm32f7xx_hal_uart.o
    0x08002718   0x08002718   0x000002c4   Code   RO         3941    i.HAL_UART_IRQHandler  stm32f7xx_hal_uart.o
    0x080029dc   0x080029dc   0x00000066   Code   RO         3942    i.HAL_UART_Init     stm32f7xx_hal_uart.o
    0x08002a42   0x08002a42   0x00000002   PAD
    0x08002a44   0x08002a44   0x00000568   Code   RO          424    i.HAL_UART_MspInit  usart.o
    0x08002fac   0x08002fac   0x00000002   Code   RO         3949    i.HAL_UART_RxCpltCallback  stm32f7xx_hal_uart.o
    0x08002fae   0x08002fae   0x00000002   Code   RO         3950    i.HAL_UART_RxHalfCpltCallback  stm32f7xx_hal_uart.o
    0x08002fb0   0x08002fb0   0x000000a6   Code   RO         3951    i.HAL_UART_Transmit  stm32f7xx_hal_uart.o
    0x08003056   0x08003056   0x00000002   PAD
    0x08003058   0x08003058   0x0000008c   Code   RO         3952    i.HAL_UART_Transmit_DMA  stm32f7xx_hal_uart.o
    0x080030e4   0x080030e4   0x0000005c   Code   RO         3953    i.HAL_UART_Transmit_IT  stm32f7xx_hal_uart.o
    0x08003140   0x08003140   0x00000002   Code   RO         3954    i.HAL_UART_TxCpltCallback  stm32f7xx_hal_uart.o
    0x08003142   0x08003142   0x00000002   Code   RO         3955    i.HAL_UART_TxHalfCpltCallback  stm32f7xx_hal_uart.o
    0x08003144   0x08003144   0x00000002   Code   RO          643    i.HardFault_Handler  stm32f7xx_it.o
    0x08003146   0x08003146   0x00000002   PAD
    0x08003148   0x08003148   0x000000dc   Code   RO          278    i.MX_DMA_Init       dma.o
    0x08003224   0x08003224   0x00000318   Code   RO          248    i.MX_GPIO_Init      gpio.o
    0x0800353c   0x0800353c   0x0000004c   Code   RO          304    i.MX_SPI2_Init      spi.o
    0x08003588   0x08003588   0x00000068   Code   RO          347    i.MX_TIM2_Init      tim.o
    0x080035f0   0x080035f0   0x00000068   Code   RO          348    i.MX_TIM3_Init      tim.o
    0x08003658   0x08003658   0x0000003c   Code   RO          429    i.MX_UART4_Init     usart.o
    0x08003694   0x08003694   0x0000003c   Code   RO          430    i.MX_UART8_Init     usart.o
    0x080036d0   0x080036d0   0x0000003c   Code   RO          431    i.MX_USART1_UART_Init  usart.o
    0x0800370c   0x0800370c   0x00000058   Code   RO          432    i.MX_USART2_UART_Init  usart.o
    0x08003764   0x08003764   0x0000003c   Code   RO          433    i.MX_USART3_UART_Init  usart.o
    0x080037a0   0x080037a0   0x00000058   Code   RO          434    i.MX_USART6_UART_Init  usart.o
    0x080037f8   0x080037f8   0x00000002   Code   RO          644    i.MemManage_Handler  stm32f7xx_it.o
    0x080037fa   0x080037fa   0x00000002   PAD
    0x080037fc   0x080037fc   0x0000002c   Code   RO           10    i.ModbusCRC16       modbuscrc.o
    0x08003828   0x08003828   0x0000038c   Code   RO          249    i.Motor_Control     gpio.o
    0x08003bb4   0x08003bb4   0x00000002   Code   RO          645    i.NMI_Handler       stm32f7xx_it.o
    0x08003bb6   0x08003bb6   0x00000010   Code   RO         4807    i.NibbleToHex       dhcp.o
    0x08003bc6   0x08003bc6   0x00000002   Code   RO          646    i.PendSV_Handler    stm32f7xx_it.o
    0x08003bc8   0x08003bc8   0x00000064   Code   RO          435    i.RS4851_SendBuf    usart.o
    0x08003c2c   0x08003c2c   0x0000006c   Code   RO          437    i.RS4852_SendBuf    usart.o
    0x08003c98   0x08003c98   0x00000010   Code   RO          439    i.RS485_delay       usart.o
    0x08003ca8   0x08003ca8   0x00000210   Code   RO          349    i.Read_All_DI_States  tim.o
    0x08003eb8   0x08003eb8   0x00000020   Code   RO          441    i.SG_SetAllAngle    usart.o
    0x08003ed8   0x08003ed8   0x00000010   Code   RO          442    i.SG_SetAngle       usart.o
    0x08003ee8   0x08003ee8   0x00000056   Code   RO          443    i.SG_init           usart.o
    0x08003f3e   0x08003f3e   0x00000002   PAD
    0x08003f40   0x08003f40   0x000000ac   Code   RO         1039    i.SPI_EndRxTransaction  stm32f7xx_hal_spi.o
    0x08003fec   0x08003fec   0x00000080   Code   RO         1040    i.SPI_EndRxTxTransaction  stm32f7xx_hal_spi.o
    0x0800406c   0x0800406c   0x000000e0   Code   RO         1045    i.SPI_WaitFifoStateUntilTimeout  stm32f7xx_hal_spi.o
    0x0800414c   0x0800414c   0x000000bc   Code   RO         1046    i.SPI_WaitFlagStateUntilTimeout  stm32f7xx_hal_spi.o
    0x08004208   0x08004208   0x00000002   Code   RO          647    i.SVC_Handler       stm32f7xx_it.o
    0x0800420a   0x0800420a   0x00000004   Code   RO          648    i.SysTick_Handler   stm32f7xx_it.o
    0x0800420e   0x0800420e   0x00000002   PAD
    0x08004210   0x08004210   0x000000a4   Code   RO           33    i.SystemClock_Config  main.o
    0x080042b4   0x080042b4   0x00000010   Code   RO         4395    i.SystemInit        system_stm32f7xx.o
    0x080042c4   0x080042c4   0x0000000c   Code   RO          649    i.TIM2_IRQHandler   stm32f7xx_it.o
    0x080042d0   0x080042d0   0x0000000c   Code   RO          650    i.TIM3_IRQHandler   stm32f7xx_it.o
    0x080042dc   0x080042dc   0x000000d4   Code   RO         3006    i.TIM_Base_SetConfig  stm32f7xx_hal_tim.o
    0x080043b0   0x080043b0   0x00000012   Code   RO         3017    i.TIM_ETR_SetConfig  stm32f7xx_hal_tim.o
    0x080043c2   0x080043c2   0x00000010   Code   RO         3018    i.TIM_ITRx_SetConfig  stm32f7xx_hal_tim.o
    0x080043d2   0x080043d2   0x00000022   Code   RO         3026    i.TIM_TI1_ConfigInputStage  stm32f7xx_hal_tim.o
    0x080043f4   0x080043f4   0x00000024   Code   RO         3028    i.TIM_TI2_ConfigInputStage  stm32f7xx_hal_tim.o
    0x08004418   0x08004418   0x0000000c   Code   RO          651    i.UART4_IRQHandler  stm32f7xx_it.o
    0x08004424   0x08004424   0x0000000c   Code   RO          652    i.UART8_IRQHandler  stm32f7xx_it.o
    0x08004430   0x08004430   0x000000c8   Code   RO         3956    i.UART_AdvFeatureConfig  stm32f7xx_hal_uart.o
    0x080044f8   0x080044f8   0x000000a6   Code   RO         3957    i.UART_CheckIdleState  stm32f7xx_hal_uart.o
    0x0800459e   0x0800459e   0x00000010   Code   RO         3958    i.UART_DMAAbortOnError  stm32f7xx_hal_uart.o
    0x080045ae   0x080045ae   0x0000004c   Code   RO         3959    i.UART_DMAError     stm32f7xx_hal_uart.o
    0x080045fa   0x080045fa   0x0000009e   Code   RO         3960    i.UART_DMAReceiveCplt  stm32f7xx_hal_uart.o
    0x08004698   0x08004698   0x0000003c   Code   RO         3962    i.UART_DMARxHalfCplt  stm32f7xx_hal_uart.o
    0x080046d4   0x080046d4   0x00000040   Code   RO         3964    i.UART_DMATransmitCplt  stm32f7xx_hal_uart.o
    0x08004714   0x08004714   0x0000000a   Code   RO         3966    i.UART_DMATxHalfCplt  stm32f7xx_hal_uart.o
    0x0800471e   0x0800471e   0x0000004c   Code   RO         3968    i.UART_EndRxTransfer  stm32f7xx_hal_uart.o
    0x0800476a   0x0800476a   0x00000018   Code   RO         3969    i.UART_EndTxTransfer  stm32f7xx_hal_uart.o
    0x08004782   0x08004782   0x000000be   Code   RO         3970    i.UART_RxISR_16BIT  stm32f7xx_hal_uart.o
    0x08004840   0x08004840   0x000000be   Code   RO         3971    i.UART_RxISR_8BIT   stm32f7xx_hal_uart.o
    0x080048fe   0x080048fe   0x00000002   PAD
    0x08004900   0x08004900   0x00000230   Code   RO         3972    i.UART_SetConfig    stm32f7xx_hal_uart.o
    0x08004b30   0x08004b30   0x000000a0   Code   RO         3973    i.UART_Start_Receive_DMA  stm32f7xx_hal_uart.o
    0x08004bd0   0x08004bd0   0x000000b8   Code   RO         3974    i.UART_Start_Receive_IT  stm32f7xx_hal_uart.o
    0x08004c88   0x08004c88   0x00000050   Code   RO         3975    i.UART_TxISR_16BIT  stm32f7xx_hal_uart.o
    0x08004cd8   0x08004cd8   0x0000004c   Code   RO         3976    i.UART_TxISR_8BIT   stm32f7xx_hal_uart.o
    0x08004d24   0x08004d24   0x00000094   Code   RO         3977    i.UART_WaitOnFlagUntilTimeout  stm32f7xx_hal_uart.o
    0x08004db8   0x08004db8   0x0000000c   Code   RO          653    i.USART1_IRQHandler  stm32f7xx_it.o
    0x08004dc4   0x08004dc4   0x0000000c   Code   RO          654    i.USART2_IRQHandler  stm32f7xx_it.o
    0x08004dd0   0x08004dd0   0x0000000c   Code   RO          655    i.USART3_IRQHandler  stm32f7xx_it.o
    0x08004ddc   0x08004ddc   0x0000000c   Code   RO          656    i.USART6_IRQHandler  stm32f7xx_it.o
    0x08004de8   0x08004de8   0x00000002   Code   RO          657    i.UsageFault_Handler  stm32f7xx_it.o
    0x08004dea   0x08004dea   0x00000002   PAD
    0x08004dec   0x08004dec   0x00000058   Code   RO         4740    i.WIZCHIP_READ      w5500.o
    0x08004e44   0x08004e44   0x00000074   Code   RO         4741    i.WIZCHIP_READ_BUF  w5500.o
    0x08004eb8   0x08004eb8   0x00000060   Code   RO         4742    i.WIZCHIP_WRITE     w5500.o
    0x08004f18   0x08004f18   0x00000070   Code   RO         4743    i.WIZCHIP_WRITE_BUF  w5500.o
    0x08004f88   0x08004f88   0x00000018   Code   RO          444    i.Wheel_In          usart.o
    0x08004fa0   0x08004fa0   0x00000018   Code   RO          445    i.Wheel_Out         usart.o
    0x08004fb8   0x08004fb8   0x00000020   Code   RO         5420    i.__0printf$8       mc_w.l(printf8.o)
    0x08004fd8   0x08004fd8   0x00000022   Code   RO          864    i.__NVIC_SetPriority  stm32f7xx_hal_cortex.o
    0x08004ffa   0x08004ffa   0x0000000e   Code   RO         5550    i.__scatterload_copy  mc_w.l(handlers.o)
    0x08005008   0x08005008   0x00000002   Code   RO         5551    i.__scatterload_null  mc_w.l(handlers.o)
    0x0800500a   0x0800500a   0x0000000e   Code   RO         5552    i.__scatterload_zeroinit  mc_w.l(handlers.o)
    0x08005018   0x08005018   0x00000404   Code   RO         5427    i._printf_core      mc_w.l(printf8.o)
    0x0800541c   0x0800541c   0x00000024   Code   RO         5428    i._printf_post_padding  mc_w.l(printf8.o)
    0x08005440   0x08005440   0x0000002e   Code   RO         5429    i._printf_pre_padding  mc_w.l(printf8.o)
    0x0800546e   0x0800546e   0x00000002   PAD
    0x08005470   0x08005470   0x00000068   Code   RO         4808    i.check_DHCP_leasedIP  dhcp.o
    0x080054d8   0x080054d8   0x00000070   Code   RO         4809    i.check_DHCP_timeout  dhcp.o
    0x08005548   0x08005548   0x00000074   Code   RO         4429    i.close             socket.o
    0x080055bc   0x080055bc   0x000000ec   Code   RO         4522    i.ctlwizchip        wizchip_conf.o
    0x080056a8   0x080056a8   0x00000030   Code   RO         4810    i.default_ip_assign  dhcp.o
    0x080056d8   0x080056d8   0x00000024   Code   RO         4811    i.default_ip_conflict  dhcp.o
    0x080056fc   0x080056fc   0x00000028   Code   RO         4812    i.default_ip_update  dhcp.o
    0x08005724   0x08005724   0x0000008a   Code   RO         4948    i.do_tcp_server     loopback.o
    0x080057ae   0x080057ae   0x00000002   PAD
    0x080057b0   0x080057b0   0x00000018   Code   RO         5121    i.fputc             wiz_platform.o
    0x080057c8   0x080057c8   0x00000050   Code   RO         5474    i.free              mc_w.l(malloc.o)
    0x08005818   0x08005818   0x00000018   Code   RO         4814    i.getDNSfromDHCP    dhcp.o
    0x08005830   0x08005830   0x00000018   Code   RO         4815    i.getGWfromDHCP     dhcp.o
    0x08005848   0x08005848   0x00000018   Code   RO         4816    i.getIPfromDHCP     dhcp.o
    0x08005860   0x08005860   0x00000018   Code   RO         4817    i.getSNfromDHCP     dhcp.o
    0x08005878   0x08005878   0x0000004c   Code   RO         4744    i.getSn_RX_RSR      w5500.o
    0x080058c4   0x080058c4   0x0000004c   Code   RO         4745    i.getSn_TX_FSR      w5500.o
    0x08005910   0x08005910   0x00000070   Code   RO         4434    i.listen            socket.o
    0x08005980   0x08005980   0x000000e0   Code   RO           34    i.main              main.o
    0x08005a60   0x08005a60   0x000000d4   Code   RO         4818    i.makeDHCPMSG       dhcp.o
    0x08005b34   0x08005b34   0x0000006c   Code   RO         5475    i.malloc            mc_w.l(malloc.o)
    0x08005ba0   0x08005ba0   0x0000002e   Code   RO         5031    i.network_init      wiz_interface.o
    0x08005bce   0x08005bce   0x00000002   PAD
    0x08005bd0   0x08005bd0   0x000001b4   Code   RO         4819    i.parseDHCPMSG      dhcp.o
    0x08005d84   0x08005d84   0x0000010c   Code   RO          446    i.parseLora1Cmd     usart.o
    0x08005e90   0x08005e90   0x00000104   Code   RO          447    i.parseRS4851       usart.o
    0x08005f94   0x08005f94   0x000000ac   Code   RO          448    i.parseRS4852       usart.o
    0x08006040   0x08006040   0x000000f4   Code   RO          449    i.parseTCPCmd       usart.o
    0x08006134   0x08006134   0x000001c8   Code   RO         5032    i.print_network_information  wiz_interface.o
    0x080062fc   0x080062fc   0x000000e4   Code   RO         4435    i.recv              socket.o
    0x080063e0   0x080063e0   0x00000218   Code   RO         4436    i.recvfrom          socket.o
    0x080065f8   0x080065f8   0x00000024   Code   RO         4525    i.reg_wizchip_cs_cbfunc  wizchip_conf.o
    0x0800661c   0x0800661c   0x0000002c   Code   RO         4526    i.reg_wizchip_spi_cbfunc  wizchip_conf.o
    0x08006648   0x08006648   0x0000002c   Code   RO         4527    i.reg_wizchip_spiburst_cbfunc  wizchip_conf.o
    0x08006674   0x08006674   0x00000014   Code   RO         4821    i.reset_DHCP_timeout  dhcp.o
    0x08006688   0x08006688   0x0000011c   Code   RO         4437    i.send              socket.o
    0x080067a4   0x080067a4   0x00000114   Code   RO         4822    i.send_DHCP_DECLINE  dhcp.o
    0x080068b8   0x080068b8   0x000001dc   Code   RO         4823    i.send_DHCP_DISCOVER  dhcp.o
    0x08006a94   0x08006a94   0x00000294   Code   RO         4824    i.send_DHCP_REQUEST  dhcp.o
    0x08006d28   0x08006d28   0x00000180   Code   RO         4438    i.sendto            socket.o
    0x08006ea8   0x08006ea8   0x0000011c   Code   RO         4440    i.socket            socket.o
    0x08006fc4   0x08006fc4   0x0000004c   Code   RO         5011    i.wifi_init         user_main.o
    0x08007010   0x08007010   0x0000005c   Code   RO         5033    i.wiz_add_timer     wiz_interface.o
    0x0800706c   0x0800706c   0x0000003c   Code   RO         5034    i.wiz_delete_timer  wiz_interface.o
    0x080070a8   0x080070a8   0x000000c4   Code   RO         5035    i.wiz_dhcp_process  wiz_interface.o
    0x0800716c   0x0800716c   0x0000005c   Code   RO         5036    i.wiz_phy_link_check  wiz_interface.o
    0x080071c8   0x080071c8   0x0000008c   Code   RO         5037    i.wiz_print_phy_info  wiz_interface.o
    0x08007254   0x08007254   0x00000060   Code   RO         4746    i.wiz_recv_data     w5500.o
    0x080072b4   0x080072b4   0x00000042   Code   RO         4747    i.wiz_recv_ignore   w5500.o
    0x080072f6   0x080072f6   0x00000060   Code   RO         4748    i.wiz_send_data     w5500.o
    0x08007356   0x08007356   0x00000002   PAD
    0x08007358   0x08007358   0x0000000c   Code   RO         5123    i.wiz_tim_irq_enable  wiz_platform.o
    0x08007364   0x08007364   0x00000030   Code   RO         5038    i.wiz_timer_handler  wiz_interface.o
    0x08007394   0x08007394   0x00000014   Code   RO         5039    i.wiz_user_delay_ms  wiz_interface.o
    0x080073a8   0x080073a8   0x00000004   Code   RO         4528    i.wizchip_bus_readdata  wizchip_conf.o
    0x080073ac   0x080073ac   0x00000004   Code   RO         4529    i.wizchip_bus_writedata  wizchip_conf.o
    0x080073b0   0x080073b0   0x0000003a   Code   RO         4530    i.wizchip_clrinterrupt  wizchip_conf.o
    0x080073ea   0x080073ea   0x00000002   Code   RO         4531    i.wizchip_cris_enter  wizchip_conf.o
    0x080073ec   0x080073ec   0x00000002   Code   RO         4532    i.wizchip_cris_exit  wizchip_conf.o
    0x080073ee   0x080073ee   0x00000002   Code   RO         4533    i.wizchip_cs_deselect  wizchip_conf.o
    0x080073f0   0x080073f0   0x00000002   Code   RO         4534    i.wizchip_cs_select  wizchip_conf.o
    0x080073f2   0x080073f2   0x00000002   PAD
    0x080073f4   0x080073f4   0x00000010   Code   RO         5124    i.wizchip_deselect  wiz_platform.o
    0x08007404   0x08007404   0x0000001e   Code   RO         4535    i.wizchip_getinterrupt  wizchip_conf.o
    0x08007422   0x08007422   0x0000001c   Code   RO         4536    i.wizchip_getinterruptmask  wizchip_conf.o
    0x0800743e   0x0800743e   0x00000002   PAD
    0x08007440   0x08007440   0x00000058   Code   RO         4537    i.wizchip_getnetinfo  wizchip_conf.o
    0x08007498   0x08007498   0x0000007a   Code   RO         4540    i.wizchip_init      wizchip_conf.o
    0x08007512   0x08007512   0x0000001a   Code   RO         5040    i.wizchip_initialize  wiz_interface.o
    0x0800752c   0x0800752c   0x00000014   Code   RO         5125    i.wizchip_read_buff  wiz_platform.o
    0x08007540   0x08007540   0x0000001c   Code   RO         5126    i.wizchip_read_byte  wiz_platform.o
    0x0800755c   0x0800755c   0x00000040   Code   RO         5127    i.wizchip_reset     wiz_platform.o
    0x0800759c   0x0800759c   0x00000010   Code   RO         5128    i.wizchip_select    wiz_platform.o
    0x080075ac   0x080075ac   0x0000001c   Code   RO         4541    i.wizchip_setinterruptmask  wizchip_conf.o
    0x080075c8   0x080075c8   0x00000058   Code   RO         4542    i.wizchip_setnetinfo  wizchip_conf.o
    0x08007620   0x08007620   0x00000038   Code   RO         5129    i.wizchip_spi_cb_reg  wiz_platform.o
    0x08007658   0x08007658   0x00000002   Code   RO         4545    i.wizchip_spi_readburst  wizchip_conf.o
    0x0800765a   0x0800765a   0x00000004   Code   RO         4546    i.wizchip_spi_readbyte  wizchip_conf.o
    0x0800765e   0x0800765e   0x00000002   Code   RO         4547    i.wizchip_spi_writeburst  wizchip_conf.o
    0x08007660   0x08007660   0x00000002   Code   RO         4548    i.wizchip_spi_writebyte  wizchip_conf.o
    0x08007662   0x08007662   0x00000074   Code   RO         4549    i.wizchip_sw_reset  wizchip_conf.o
    0x080076d6   0x080076d6   0x00000002   PAD
    0x080076d8   0x080076d8   0x00000040   Code   RO         5041    i.wizchip_version_check  wiz_interface.o
    0x08007718   0x08007718   0x00000014   Code   RO         5130    i.wizchip_write_buff  wiz_platform.o
    0x0800772c   0x0800772c   0x00000018   Code   RO         5131    i.wizchip_write_byte  wiz_platform.o
    0x08007744   0x08007744   0x0000004e   Code   RO         4550    i.wizphy_getphyconf  wizchip_conf.o
    0x08007792   0x08007792   0x00000016   Code   RO         4551    i.wizphy_getphylink  wizchip_conf.o
    0x080077a8   0x080077a8   0x0000001a   Code   RO         4552    i.wizphy_getphypmode  wizchip_conf.o
    0x080077c2   0x080077c2   0x0000002a   Code   RO         4554    i.wizphy_reset      wizchip_conf.o
    0x080077ec   0x080077ec   0x0000004a   Code   RO         4555    i.wizphy_setphyconf  wizchip_conf.o
    0x08007836   0x08007836   0x00000050   Code   RO         4556    i.wizphy_setphypmode  wizchip_conf.o
    0x08007886   0x08007886   0x00000200   Data   RO           11    .constdata          modbuscrc.o
    0x08007a86   0x08007a86   0x00000008   Data   RO         1767    .constdata          stm32f7xx_hal_dma.o
    0x08007a8e   0x08007a8e   0x00000010   Data   RO         4396    .constdata          system_stm32f7xx.o
    0x08007a9e   0x08007a9e   0x00000008   Data   RO         4397    .constdata          system_stm32f7xx.o
    0x08007aa6   0x08007aa6   0x00000002   PAD
    0x08007aa8   0x08007aa8   0x0000011c   Data   RO         5042    .conststring        wiz_interface.o
    0x08007bc4   0x08007bc4   0x00000020   Data   RO         5548    Region$$Table       anon$$obj.o


    Execution Region RW_IRAM1 (Exec base: 0x20000000, Load base: 0x08007be4, Size: 0x00001b40, Max: 0x00080000, ABSOLUTE, COMPRESSED[0x000000c0])

    Exec Addr    Load Addr    Size         Type   Attr      Idx    E Section Name        Object

    0x20000000   COMPRESSED   0x0000000d   Data   RW           39    .data               main.o
    0x2000000d   COMPRESSED   0x00000008   Data   RW           43    .data               main.o
    0x20000015   COMPRESSED   0x00000008   Data   RW           48    .data               main.o
    0x2000001d   COMPRESSED   0x00000008   Data   RW           49    .data               main.o
    0x20000025   COMPRESSED   0x00000008   Data   RW           50    .data               main.o
    0x2000002d   COMPRESSED   0x00000008   Data   RW           51    .data               main.o
    0x20000035   COMPRESSED   0x00000008   Data   RW           52    .data               main.o
    0x2000003d   COMPRESSED   0x00000008   Data   RW           53    .data               main.o
    0x20000045   COMPRESSED   0x00000008   Data   RW           54    .data               main.o
    0x2000004d   COMPRESSED   0x00000008   Data   RW           55    .data               main.o
    0x20000055   COMPRESSED   0x00000018   Data   RW           56    .data               main.o
    0x2000006d   COMPRESSED   0x00000001   Data   RW           58    .data               main.o
    0x2000006e   COMPRESSED   0x00000002   PAD
    0x20000070   COMPRESSED   0x00000018   Data   RW          352    .data               tim.o
    0x20000088   COMPRESSED   0x00000002   Data   RW          358    .data               tim.o
    0x2000008a   COMPRESSED   0x00000002   PAD
    0x2000008c   COMPRESSED   0x0000000c   Data   RW         2146    .data               stm32f7xx_hal.o
    0x20000098   COMPRESSED   0x00000004   Data   RW         4398    .data               system_stm32f7xx.o
    0x2000009c   COMPRESSED   0x0000000e   Data   RW         4442    .data               socket.o
    0x200000aa   COMPRESSED   0x00000002   PAD
    0x200000ac   COMPRESSED   0x00000034   Data   RW         4557    .data               wizchip_conf.o
    0x200000e0   COMPRESSED   0x0000004e   Data   RW         4825    .data               dhcp.o
    0x2000012e   COMPRESSED   0x00000017   Data   RW         5013    .data               user_main.o
    0x20000145   COMPRESSED   0x00000001   PAD
    0x20000146   COMPRESSED   0x00000002   Data   RW         5014    .data               user_main.o
    0x20000148   COMPRESSED   0x00000008   Data   RW         5043    .data               wiz_interface.o
    0x20000150   COMPRESSED   0x00000004   Data   RW         5518    .data               mc_w.l(stdout.o)
    0x20000154   COMPRESSED   0x00000004   Data   RW         5529    .data               mc_w.l(mvars.o)
    0x20000158   COMPRESSED   0x00000004   Data   RW         5530    .data               mc_w.l(mvars.o)
    0x2000015c        -       0x0000034e   Zero   RW           35    .bss                main.o
    0x200004aa   COMPRESSED   0x00000002   PAD
    0x200004ac        -       0x00000064   Zero   RW          305    .bss                spi.o
    0x20000510        -       0x00000098   Zero   RW          350    .bss                tim.o
    0x200005a8        -       0x00000032   Zero   RW          351    .bss                tim.o
    0x200005da   COMPRESSED   0x00000002   PAD
    0x200005dc        -       0x00000750   Zero   RW          450    .bss                usart.o
    0x20000d2c        -       0x00000010   Zero   RW         4441    .bss                socket.o
    0x20000d3c        -       0x00000800   Zero   RW         5012    .bss                user_main.o
    0x2000153c   COMPRESSED   0x00000004   PAD
    0x20001540        -       0x00000200   Zero   RW            2    HEAP                startup_stm32f767xx.o
    0x20001740        -       0x00000400   Zero   RW            1    STACK               startup_stm32f767xx.o


==============================================================================

Image component sizes


      Code (inc. data)   RO Data    RW Data    ZI Data      Debug   Object Name

      3020        126          0         78          0      17504   dhcp.o
       220          4          0          0          0        882   dma.o
      1700         80          0          0          0       3295   gpio.o
       138          0          0          0          0       1449   loopback.o
       392         54          0        110        846     898581   main.o
        44          6        512          0          0       2821   modbuscrc.o
      1944         40          0         14         16       8505   socket.o
       248         30          0          0        100       1785   spi.o
        36          8        504          0       1536        832   startup_stm32f767xx.o
       114         20          0         12          0       8533   stm32f7xx_hal.o
       198         12          0          0          0      38975   stm32f7xx_hal_cortex.o
      1112         16          8          0          0       7390   stm32f7xx_hal_dma.o
       604         54          0          0          0       2919   stm32f7xx_hal_gpio.o
        48          6          0          0          0        846   stm32f7xx_hal_msp.o
        16          4          0          0          0        543   stm32f7xx_hal_pwr.o
       108          8          0          0          0       1264   stm32f7xx_hal_pwr_ex.o
      1388         70          0          0          0       5196   stm32f7xx_hal_rcc.o
      1340         22          0          0          0       2324   stm32f7xx_hal_rcc_ex.o
      2362         32          0          0          0      10062   stm32f7xx_hal_spi.o
      1114         84          0          0          0      10349   stm32f7xx_hal_tim.o
       170         30          0          0          0       3112   stm32f7xx_hal_tim_ex.o
      3658        118          0          0          0      23332   stm32f7xx_hal_uart.o
       152          0          0          0          0       2273   stm32f7xx_hal_uart_ex.o
       248        114          0          0          0      13118   stm32f7xx_it.o
        16          4         24          4          0       1123   system_stm32f7xx.o
      1156        100          0         26        202       5640   tim.o
      3374        308          0          0       1872      17868   usart.o
        76         42          0         25       2048       1323   user_main.o
       822         18          0          0          0       7162   w5500.o
      1240        498        284          8          0       8517   wiz_interface.o
       280         76          0          0          0       5854   wiz_platform.o
      1266         76          0         52          0      21783   wizchip_conf.o

    ----------------------------------------------------------------------
     28646       2060       1366        336       6628    1135160   Object Totals
         0          0         32          0          0          0   (incl. Generated)
        42          0          2          7          8          0   (incl. Padding)

    ----------------------------------------------------------------------

      Code (inc. data)   RO Data    RW Data    ZI Data      Debug   Library Member Name

        86          0          0          0          0          0   __dczerorl2.o
         0          0          0          0          0          0   entry.o
         0          0          0          0          0          0   entry10a.o
         0          0          0          0          0          0   entry11a.o
         4          0          0          0          0          0   entry12b.o
         8          4          0          0          0          0   entry2.o
         4          0          0          0          0          0   entry5.o
         0          0          0          0          0          0   entry7b.o
         0          0          0          0          0          0   entry8b.o
         8          4          0          0          0          0   entry9a.o
        30          0          0          0          0          0   handlers.o
        36          8          0          0          0         68   init.o
        30          0          0          0          0         68   llshl.o
        32          0          0          0          0         68   llushr.o
       188         20          0          0          0        160   malloc.o
        36          0          0          0          0        108   memseta.o
         0          0          0          8          0          0   mvars.o
      1142         54          0          0          0        352   printf8.o
         0          0          0          4          0          0   stdout.o
        98          0          0          0          0         92   uldiv.o

    ----------------------------------------------------------------------
      1704         90          0         12          0        916   Library Totals
         2          0          0          0          0          0   (incl. Padding)

    ----------------------------------------------------------------------

      Code (inc. data)   RO Data    RW Data    ZI Data      Debug   Library Name

      1702         90          0         12          0        916   mc_w.l

    ----------------------------------------------------------------------
      1704         90          0         12          0        916   Library Totals

    ----------------------------------------------------------------------

==============================================================================


      Code (inc. data)   RO Data    RW Data    ZI Data      Debug   

     30350       2150       1366        348       6628    1113044   Grand Totals
     30350       2150       1366        192       6628    1113044   ELF Image Totals (compressed)
     30350       2150       1366        192          0          0   ROM Totals

==============================================================================

    Total RO  Size (Code + RO Data)                31716 (  30.97kB)
    Total RW  Size (RW Data + ZI Data)              6976 (   6.81kB)
    Total ROM Size (Code + RO Data + RW Data)      31908 (  31.16kB)

==============================================================================

